[2026-04-30 15:12:34] [INFO] matcher — 🚀 INICIANDO PROCESSO DE TRIAGEM
[2026-04-30 15:12:55] [INFO] matcher — Legal One: 149464 linhas lidas
[2026-04-30 15:13:09] [INFO] matcher — Legal One: 269037 identificadores no pool
[2026-04-30 15:13:13] [INFO] matcher — Bases externas: 7804 linhas lidas (antes de dedup)
[2026-04-30 15:13:13] [INFO] matcher — Duplicatas removidas: 1783
[2026-04-30 15:13:14] [INFO] matcher — Matching: 5442 SEM MATCH, 579 COM MATCH
[2026-04-30 15:13:14] [INFO] matcher — 
[2026-04-30 15:13:14] [INFO] matcher — ============================================================
[2026-04-30 15:13:14] [INFO] matcher — RESULTADOS DO MATCHING
[2026-04-30 15:13:14] [INFO] matcher — ============================================================
[2026-04-30 15:13:14] [INFO] matcher —    Total processado: 6021
[2026-04-30 15:13:14] [INFO] matcher —    Trabalhista sem match: 776 (12.9%)
[2026-04-30 15:13:14] [INFO] matcher —    Civel sem match: 4666 (77.5%)
[2026-04-30 15:13:14] [INFO] matcher —    COM MATCH: 579 (9.6%)
[2026-04-30 15:13:14] [INFO] matcher — 📋 INICIANDO CLASSIFICAÇÃO TRABALHISTA
[2026-04-30 15:13:14] [INFO] matcher — ✅ Exportado BRUTO: sem_match_trab_bruto_20260430_151234.xlsx (776 registros)
[2026-04-30 15:13:17] [INFO] matcher — ✅ Classificação TRABALHISTA concluída
[2026-04-30 15:13:17] [INFO] matcher — 
============================================================
[2026-04-30 15:13:17] [INFO] matcher — 📊 ESTATÍSTICAS — TRABALHISTA
[2026-04-30 15:13:17] [INFO] matcher — ============================================================
[2026-04-30 15:13:17] [INFO] matcher —    Total de registros: 776
[2026-04-30 15:13:17] [INFO] matcher — 
   Classificação por categoria:
[2026-04-30 15:13:17] [INFO] matcher —       • Ação Trabalhista: 371 (47.8%)
[2026-04-30 15:13:17] [INFO] matcher —       • Ação de Cumprimento: 207 (26.7%)
[2026-04-30 15:13:17] [INFO] matcher —       • Recurso Ordinário: 100 (12.9%)
[2026-04-30 15:13:17] [INFO] matcher —       • Embargos de Declaração: 53 (6.8%)
[2026-04-30 15:13:17] [INFO] matcher —       • Agravo de Instrumento: 23 (3.0%)
[2026-04-30 15:13:17] [INFO] matcher —       • Agravo de Petição: 12 (1.5%)
[2026-04-30 15:13:17] [INFO] matcher —       • Décio Freire: 6 (0.8%)
[2026-04-30 15:13:17] [INFO] matcher —       • Recurso de Revista: 2 (0.3%)
[2026-04-30 15:13:17] [INFO] matcher —       • Recurso Extraordinário: 1 (0.1%)
[2026-04-30 15:13:17] [INFO] matcher —       • Mandado de Segurança: 1 (0.1%)
[2026-04-30 15:13:17] [INFO] matcher — ✅ Exportado: sem_match_trab_prioridade_20260430_151234.xlsx (6 registros)
[2026-04-30 15:13:17] [INFO] matcher — ✅ Exportado: agravo_de_instrumento_20260430_151234.xlsx (23 registros)
[2026-04-30 15:13:17] [INFO] matcher — ✅ Exportado: agravo_de_peticao_20260430_151234.xlsx (12 registros)
[2026-04-30 15:13:17] [INFO] matcher — ✅ Exportado: acao_trabalhista_20260430_151234.xlsx (371 registros)
[2026-04-30 15:13:17] [INFO] matcher — ✅ Exportado: acao_de_cumprimento_20260430_151234.xlsx (207 registros)
[2026-04-30 15:13:17] [INFO] matcher — ✅ Exportado: embargos_de_declaracao_20260430_151234.xlsx (53 registros)
[2026-04-30 15:13:17] [INFO] matcher — ✅ Exportado: mandado_de_seguranca_20260430_151234.xlsx (1 registros)
[2026-04-30 15:13:18] [INFO] matcher — ✅ Exportado: recurso_extraordinario_20260430_151234.xlsx (1 registros)
[2026-04-30 15:13:18] [INFO] matcher — ✅ Exportado: recurso_ordinario_20260430_151234.xlsx (100 registros)
[2026-04-30 15:13:18] [INFO] matcher — ✅ Exportado: recurso_de_revista_20260430_151234.xlsx (2 registros)
[2026-04-30 15:13:18] [INFO] matcher — ✅ Exportado: sem_match_trab_todos_classificados_20260430_151234.xlsx (776 registros)
[2026-04-30 15:13:36] [INFO] matcher — ✅ Classificação CÍVEL concluída
[2026-04-30 15:13:36] [INFO] matcher — 
============================================================
[2026-04-30 15:13:36] [INFO] matcher — 📊 ESTATÍSTICAS — CÍVEL
[2026-04-30 15:13:36] [INFO] matcher — ============================================================
[2026-04-30 15:13:36] [INFO] matcher —    Total de registros: 4666
[2026-04-30 15:13:36] [INFO] matcher — 
   Classificação por categoria:
[2026-04-30 15:13:36] [INFO] matcher —       • nan: 1592 (34.1%)
[2026-04-30 15:13:36] [INFO] matcher —       • EXCLUIDO: 658 (14.1%)
[2026-04-30 15:13:36] [INFO] matcher —       • IAC: 507 (10.9%)
[2026-04-30 15:13:36] [INFO] matcher —       • Cumprimento de Sentença: 469 (10.1%)
[2026-04-30 15:13:36] [INFO] matcher —       • Agravo de Instrumento: 254 (5.4%)
[2026-04-30 15:13:36] [INFO] matcher —       • Embargos de Declaração: 218 (4.7%)
[2026-04-30 15:13:36] [INFO] matcher —       • Recursos: 195 (4.2%)
[2026-04-30 15:13:36] [INFO] matcher —       • Recurso Inominado: 126 (2.7%)
[2026-04-30 15:13:36] [INFO] matcher —       • Agravo Interno: 118 (2.5%)
[2026-04-30 15:13:36] [INFO] matcher —       • Recurso Especial: 63 (1.4%)
[2026-04-30 15:13:36] [INFO] matcher —       • Tutela Provisória: 62 (1.3%)
[2026-04-30 15:13:36] [INFO] matcher —       • Assistência: 62 (1.3%)
[2026-04-30 15:13:36] [INFO] matcher —       • Impedimento/Suspeição do Juiz: 58 (1.2%)
[2026-04-30 15:13:36] [INFO] matcher —       • Mandado de Segurança Cível: 46 (1.0%)
[2026-04-30 15:13:36] [INFO] matcher —       • Embargos à Execução: 35 (0.8%)
[2026-04-30 15:13:36] [INFO] matcher —       • Agravo Regimental: 33 (0.7%)
[2026-04-30 15:13:36] [INFO] matcher —       • Carta Precatória Cível: 31 (0.7%)
[2026-04-30 15:13:36] [INFO] matcher —       • Coisa Julgada: 25 (0.5%)
[2026-04-30 15:13:36] [INFO] matcher —       • Recurso Extraordinário: 20 (0.4%)
[2026-04-30 15:13:36] [INFO] matcher —       • Embargos: 14 (0.3%)
[2026-04-30 15:13:36] [INFO] matcher —       • Oposição: 10 (0.2%)
[2026-04-30 15:13:36] [INFO] matcher —       • Incidente de Arbitramento: 9 (0.2%)
[2026-04-30 15:13:36] [INFO] matcher —       • RPV: 8 (0.2%)
[2026-04-30 15:13:36] [INFO] matcher —       • Conflito de Competência: 6 (0.1%)
[2026-04-30 15:13:36] [INFO] matcher —       • Embargos de Divergência: 5 (0.1%)
[2026-04-30 15:13:36] [INFO] matcher —       • Impugnação ao Valor da Causa: 5 (0.1%)
[2026-04-30 15:13:36] [INFO] matcher —       • Arresto ou Sequestro: 4 (0.1%)
[2026-04-30 15:13:36] [INFO] matcher —       • Pré-executividade: 4 (0.1%)
[2026-04-30 15:13:36] [INFO] matcher —       • Liquidação de Sentença: 4 (0.1%)
[2026-04-30 15:13:36] [INFO] matcher —       • Produção Antecipada de Provas: 4 (0.1%)
[2026-04-30 15:13:36] [INFO] matcher —       • IRDR: 4 (0.1%)
[2026-04-30 15:13:36] [INFO] matcher —       • Litispendência: 3 (0.1%)
[2026-04-30 15:13:36] [INFO] matcher —       • Arguição de Inconstitucionalidade: 3 (0.1%)
[2026-04-30 15:13:36] [INFO] matcher —       • Desconsideração da Personalidade Jurídica: 3 (0.1%)
[2026-04-30 15:13:36] [INFO] matcher —       • Recurso Adesivo: 3 (0.1%)
[2026-04-30 15:13:36] [INFO] matcher —       • Tutela Cautelar Antecedente: 2 (0.0%)
[2026-04-30 15:13:36] [INFO] matcher —       • Exibição de Documento ou Coisa: 1 (0.0%)
[2026-04-30 15:13:36] [INFO] matcher —       • Uniformização de Jurisprudência: 1 (0.0%)
[2026-04-30 15:13:36] [INFO] matcher —       • Intervenção de Terceiros: 1 (0.0%)
[2026-04-30 15:13:36] [WARNING] matcher — 
   ⚠️  1592 registros SEM CATEGORIA (34.1%)
[2026-04-30 15:13:36] [INFO] matcher — 
============================================================
[2026-04-30 15:13:36] [INFO] matcher — 📈 DISTRIBUIÇÃO DE CONFIANÇA
[2026-04-30 15:13:36] [INFO] matcher — ============================================================
[2026-04-30 15:13:36] [INFO] matcher —    [  0- 20]:   1592 ( 34.1%)
[2026-04-30 15:13:36] [INFO] matcher —    [ 20- 40]:      0 (  0.0%)
[2026-04-30 15:13:36] [INFO] matcher —    [ 40- 60]:      0 (  0.0%)
[2026-04-30 15:13:36] [INFO] matcher —    [ 60- 80]:     15 (  0.3%)
[2026-04-30 15:13:36] [INFO] matcher —    [ 80-100]:    957 ( 20.5%)
[2026-04-30 15:13:36] [INFO] matcher —    [ 90-100]:   2913 ( 62.4%)
[2026-04-30 15:13:36] [INFO] matcher —    [100-100]:   2102 ( 45.0%)
[2026-04-30 15:13:39] [INFO] matcher — ✅ Exportado: sem_match_civel_20260430_151234.xlsx (4666 registros)
[2026-04-30 15:13:41] [INFO] matcher — ✅ Exportado: sem_match_civel_prioridade_20260430_151234.xlsx (3651 registros prioritários)
[2026-04-30 15:13:41] [INFO] matcher — ✅ Exportado: agravo_interno_20260430_151234.xlsx (118 registros)
[2026-04-30 15:13:41] [INFO] matcher — ✅ Exportado: agravo_regimental_20260430_151234.xlsx (33 registros)
[2026-04-30 15:13:41] [INFO] matcher — ✅ Exportado: agravo_de_instrumento_20260430_151234.xlsx (254 registros)
[2026-04-30 15:13:41] [INFO] matcher — ✅ Exportado: arguicao_de_inconstitucionalidade_20260430_151234.xlsx (3 registros)
[2026-04-30 15:13:41] [INFO] matcher — ✅ Exportado: arresto_ou_sequestro_20260430_151234.xlsx (4 registros)
[2026-04-30 15:13:41] [INFO] matcher — ✅ Exportado: assistência_20260430_151234.xlsx (62 registros)
[2026-04-30 15:13:41] [INFO] matcher — ✅ Exportado: carta_precatoria_civel_20260430_151234.xlsx (31 registros)
[2026-04-30 15:13:41] [INFO] matcher — ✅ Exportado: coisa_julgada_20260430_151234.xlsx (25 registros)
[2026-04-30 15:13:41] [INFO] matcher — ✅ Exportado: conflito_de_competência_20260430_151234.xlsx (6 registros)
[2026-04-30 15:13:41] [INFO] matcher — ✅ Exportado: cumprimento_de_sentenca_20260430_151234.xlsx (469 registros)
[2026-04-30 15:13:41] [INFO] matcher — ✅ Exportado: desconsideracao_da_personalidade_juridica_20260430_151234.xlsx (3 registros)
[2026-04-30 15:13:42] [INFO] matcher — ✅ Exportado: excluido_20260430_151234.xlsx (658 registros)
[2026-04-30 15:13:42] [INFO] matcher — ✅ Exportado: embargos_20260430_151234.xlsx (14 registros)
[2026-04-30 15:13:43] [INFO] matcher — ✅ Exportado: embargos_de_declaracao_20260430_151234.xlsx (218 registros)
[2026-04-30 15:13:43] [INFO] matcher — ✅ Exportado: embargos_de_divergência_20260430_151234.xlsx (5 registros)
[2026-04-30 15:13:43] [INFO] matcher — ✅ Exportado: embargos_à_execucao_20260430_151234.xlsx (35 registros)
[2026-04-30 15:13:43] [INFO] matcher — ✅ Exportado: exibicao_de_documento_ou_coisa_20260430_151234.xlsx (1 registros)
[2026-04-30 15:13:43] [INFO] matcher — ✅ Exportado: iac_20260430_151234.xlsx (507 registros)
[2026-04-30 15:13:43] [INFO] matcher — ✅ Exportado: irdr_20260430_151234.xlsx (4 registros)
[2026-04-30 15:13:43] [INFO] matcher — ✅ Exportado: impedimentosuspeicao_do_juiz_20260430_151234.xlsx (58 registros)
[2026-04-30 15:13:43] [INFO] matcher — ✅ Exportado: impugnacao_ao_valor_da_causa_20260430_151234.xlsx (5 registros)
[2026-04-30 15:13:44] [INFO] matcher — ✅ Exportado: incidente_de_arbitramento_20260430_151234.xlsx (9 registros)
[2026-04-30 15:13:44] [INFO] matcher — ✅ Exportado: intervencao_de_terceiros_20260430_151234.xlsx (1 registros)
[2026-04-30 15:13:44] [INFO] matcher — ✅ Exportado: liquidacao_de_sentenca_20260430_151234.xlsx (4 registros)
[2026-04-30 15:13:44] [INFO] matcher — ✅ Exportado: litispendência_20260430_151234.xlsx (3 registros)
[2026-04-30 15:13:44] [INFO] matcher — ✅ Exportado: mandado_de_seguranca_civel_20260430_151234.xlsx (46 registros)
[2026-04-30 15:13:44] [INFO] matcher — ✅ Exportado: oposicao_20260430_151234.xlsx (10 registros)
[2026-04-30 15:13:44] [INFO] matcher — ✅ Exportado: producao_antecipada_de_provas_20260430_151234.xlsx (4 registros)
[2026-04-30 15:13:44] [INFO] matcher — ✅ Exportado: pre_executividade_20260430_151234.xlsx (4 registros)
[2026-04-30 15:13:44] [INFO] matcher — ✅ Exportado: rpv_20260430_151234.xlsx (8 registros)
[2026-04-30 15:13:44] [INFO] matcher — ✅ Exportado: recurso_adesivo_20260430_151234.xlsx (3 registros)
[2026-04-30 15:13:44] [INFO] matcher — ✅ Exportado: recurso_especial_20260430_151234.xlsx (63 registros)
[2026-04-30 15:13:44] [INFO] matcher — ✅ Exportado: recurso_extraordinario_20260430_151234.xlsx (20 registros)
[2026-04-30 15:13:44] [INFO] matcher — ✅ Exportado: recurso_inominado_20260430_151234.xlsx (126 registros)
[2026-04-30 15:13:45] [INFO] matcher — ✅ Exportado: recursos_20260430_151234.xlsx (195 registros)
[2026-04-30 15:13:45] [INFO] matcher — ✅ Exportado: tutela_cautelar_antecedente_20260430_151234.xlsx (2 registros)
[2026-04-30 15:13:45] [INFO] matcher — ✅ Exportado: tutela_provisoria_20260430_151234.xlsx (62 registros)
[2026-04-30 15:13:45] [INFO] matcher — ✅ Exportado: uniformizacao_de_jurisprudência_20260430_151234.xlsx (1 registros)
[2026-04-30 15:13:46] [INFO] matcher — ⚠️  Exportado: sem_match_civel_sem_categoria_20260430_151234.xlsx (1592 registros sem categoria)
[2026-04-30 15:13:46] [INFO] matcher — ✅ Exportado: com_match_descartados_20260430_151234.xlsx (579 registros descartados)
[2026-04-30 15:13:49] [INFO] matcher — ✅ Resumo exportado: resumo_20260430_151234.xlsx
[2026-04-30 15:13:49] [INFO] matcher — 🎉 PROCESSO FINALIZADO COM SUCESSO
