[2026-05-05 14:24:06] [INFO] matcher — 🚀 INICIANDO PROCESSO DE TRIAGEM
[2026-05-05 14:24:27] [INFO] matcher — Legal One: 149737 linhas lidas
[2026-05-05 14:24:41] [INFO] matcher — Legal One: 269555 identificadores no pool
[2026-05-05 14:24:45] [INFO] matcher — Bases externas: 7871 linhas lidas (antes de dedup)
[2026-05-05 14:24:45] [INFO] matcher — Duplicatas removidas: 1827
[2026-05-05 14:24:46] [INFO] matcher — Matching: 5414 SEM MATCH, 630 COM MATCH
[2026-05-05 14:24:46] [INFO] matcher — 
[2026-05-05 14:24:46] [INFO] matcher — ============================================================
[2026-05-05 14:24:46] [INFO] matcher — RESULTADOS DO MATCHING
[2026-05-05 14:24:46] [INFO] matcher — ============================================================
[2026-05-05 14:24:46] [INFO] matcher —    Total processado: 6044
[2026-05-05 14:24:46] [INFO] matcher —    Trabalhista sem match: 775 (12.8%)
[2026-05-05 14:24:46] [INFO] matcher —    Civel sem match: 4639 (76.8%)
[2026-05-05 14:24:46] [INFO] matcher —    COM MATCH: 630 (10.4%)
[2026-05-05 14:24:46] [INFO] matcher — 📋 INICIANDO CLASSIFICAÇÃO TRABALHISTA
[2026-05-05 14:24:46] [INFO] matcher — ✅ Exportado BRUTO: sem_match_trab_bruto_20260505_142406.xlsx (775 registros)
[2026-05-05 14:24:49] [INFO] matcher — ✅ Classificação TRABALHISTA concluída
[2026-05-05 14:24:49] [INFO] matcher — 
============================================================
[2026-05-05 14:24:49] [INFO] matcher — 📊 ESTATÍSTICAS — TRABALHISTA
[2026-05-05 14:24:49] [INFO] matcher — ============================================================
[2026-05-05 14:24:49] [INFO] matcher —    Total de registros: 775
[2026-05-05 14:24:49] [INFO] matcher — 
   Classificação por categoria:
[2026-05-05 14:24:49] [INFO] matcher —       • Ação Trabalhista: 370 (47.7%)
[2026-05-05 14:24:49] [INFO] matcher —       • Ação de Cumprimento: 207 (26.7%)
[2026-05-05 14:24:49] [INFO] matcher —       • Recurso Ordinário: 100 (12.9%)
[2026-05-05 14:24:49] [INFO] matcher —       • Embargos de Declaração: 53 (6.8%)
[2026-05-05 14:24:49] [INFO] matcher —       • Agravo de Instrumento: 23 (3.0%)
[2026-05-05 14:24:49] [INFO] matcher —       • Agravo de Petição: 12 (1.5%)
[2026-05-05 14:24:49] [INFO] matcher —       • Décio Freire: 6 (0.8%)
[2026-05-05 14:24:49] [INFO] matcher —       • Recurso de Revista: 2 (0.3%)
[2026-05-05 14:24:49] [INFO] matcher —       • Recurso Extraordinário: 1 (0.1%)
[2026-05-05 14:24:49] [INFO] matcher —       • Mandado de Segurança: 1 (0.1%)
[2026-05-05 14:24:49] [INFO] matcher — ✅ Exportado: sem_match_trab_prioridade_20260505_142406.xlsx (6 registros)
[2026-05-05 14:24:49] [INFO] matcher — ✅ Exportado: agravo_de_instrumento_20260505_142406.xlsx (23 registros)
[2026-05-05 14:24:49] [INFO] matcher — ✅ Exportado: agravo_de_peticao_20260505_142406.xlsx (12 registros)
[2026-05-05 14:24:49] [INFO] matcher — ✅ Exportado: acao_trabalhista_20260505_142406.xlsx (370 registros)
[2026-05-05 14:24:49] [INFO] matcher — ✅ Exportado: acao_de_cumprimento_20260505_142406.xlsx (207 registros)
[2026-05-05 14:24:49] [INFO] matcher — ✅ Exportado: embargos_de_declaracao_20260505_142406.xlsx (53 registros)
[2026-05-05 14:24:49] [INFO] matcher — ✅ Exportado: mandado_de_seguranca_20260505_142406.xlsx (1 registros)
[2026-05-05 14:24:49] [INFO] matcher — ✅ Exportado: recurso_extraordinario_20260505_142406.xlsx (1 registros)
[2026-05-05 14:24:49] [INFO] matcher — ✅ Exportado: recurso_ordinario_20260505_142406.xlsx (100 registros)
[2026-05-05 14:24:49] [INFO] matcher — ✅ Exportado: recurso_de_revista_20260505_142406.xlsx (2 registros)
[2026-05-05 14:24:50] [INFO] matcher — ✅ Exportado: sem_match_trab_todos_classificados_20260505_142406.xlsx (775 registros)
[2026-05-05 14:25:06] [INFO] matcher — ✅ Classificação CÍVEL concluída
[2026-05-05 14:25:06] [INFO] matcher — 
============================================================
[2026-05-05 14:25:06] [INFO] matcher — 📊 ESTATÍSTICAS — CÍVEL
[2026-05-05 14:25:06] [INFO] matcher — ============================================================
[2026-05-05 14:25:06] [INFO] matcher —    Total de registros: 4639
[2026-05-05 14:25:06] [INFO] matcher — 
   Classificação por categoria:
[2026-05-05 14:25:06] [INFO] matcher —       • nan: 1590 (34.3%)
[2026-05-05 14:25:06] [INFO] matcher —       • EXCLUIDO: 659 (14.2%)
[2026-05-05 14:25:06] [INFO] matcher —       • IAC: 503 (10.8%)
[2026-05-05 14:25:06] [INFO] matcher —       • Cumprimento de Sentença: 469 (10.1%)
[2026-05-05 14:25:06] [INFO] matcher —       • Agravo de Instrumento: 242 (5.2%)
[2026-05-05 14:25:06] [INFO] matcher —       • Embargos de Declaração: 218 (4.7%)
[2026-05-05 14:25:06] [INFO] matcher —       • Recursos: 195 (4.2%)
[2026-05-05 14:25:06] [INFO] matcher —       • Recurso Inominado: 126 (2.7%)
[2026-05-05 14:25:06] [INFO] matcher —       • Agravo Interno: 118 (2.5%)
[2026-05-05 14:25:06] [INFO] matcher —       • Recurso Especial: 66 (1.4%)
[2026-05-05 14:25:06] [INFO] matcher —       • Assistência: 60 (1.3%)
[2026-05-05 14:25:06] [INFO] matcher —       • Tutela Provisória: 58 (1.3%)
[2026-05-05 14:25:06] [INFO] matcher —       • Impedimento/Suspeição do Juiz: 58 (1.3%)
[2026-05-05 14:25:06] [INFO] matcher —       • Mandado de Segurança Cível: 44 (0.9%)
[2026-05-05 14:25:06] [INFO] matcher —       • Embargos à Execução: 35 (0.8%)
[2026-05-05 14:25:06] [INFO] matcher —       • Agravo Regimental: 33 (0.7%)
[2026-05-05 14:25:06] [INFO] matcher —       • Carta Precatória Cível: 28 (0.6%)
[2026-05-05 14:25:06] [INFO] matcher —       • Coisa Julgada: 25 (0.5%)
[2026-05-05 14:25:06] [INFO] matcher —       • Recurso Extraordinário: 18 (0.4%)
[2026-05-05 14:25:06] [INFO] matcher —       • Embargos: 14 (0.3%)
[2026-05-05 14:25:06] [INFO] matcher —       • Oposição: 10 (0.2%)
[2026-05-05 14:25:06] [INFO] matcher —       • Incidente de Arbitramento: 9 (0.2%)
[2026-05-05 14:25:06] [INFO] matcher —       • RPV: 8 (0.2%)
[2026-05-05 14:25:06] [INFO] matcher —       • Conflito de Competência: 6 (0.1%)
[2026-05-05 14:25:06] [INFO] matcher —       • Embargos de Divergência: 5 (0.1%)
[2026-05-05 14:25:06] [INFO] matcher —       • Impugnação ao Valor da Causa: 5 (0.1%)
[2026-05-05 14:25:06] [INFO] matcher —       • Arresto ou Sequestro: 4 (0.1%)
[2026-05-05 14:25:06] [INFO] matcher —       • Pré-executividade: 4 (0.1%)
[2026-05-05 14:25:06] [INFO] matcher —       • Liquidação de Sentença: 4 (0.1%)
[2026-05-05 14:25:06] [INFO] matcher —       • Produção Antecipada de Provas: 4 (0.1%)
[2026-05-05 14:25:06] [INFO] matcher —       • IRDR: 4 (0.1%)
[2026-05-05 14:25:06] [INFO] matcher —       • Litispendência: 3 (0.1%)
[2026-05-05 14:25:06] [INFO] matcher —       • Arguição de Inconstitucionalidade: 3 (0.1%)
[2026-05-05 14:25:06] [INFO] matcher —       • Desconsideração da Personalidade Jurídica: 3 (0.1%)
[2026-05-05 14:25:06] [INFO] matcher —       • Recurso Adesivo: 3 (0.1%)
[2026-05-05 14:25:06] [INFO] matcher —       • Tutela Cautelar Antecedente: 2 (0.0%)
[2026-05-05 14:25:06] [INFO] matcher —       • Exibição de Documento ou Coisa: 1 (0.0%)
[2026-05-05 14:25:06] [INFO] matcher —       • Uniformização de Jurisprudência: 1 (0.0%)
[2026-05-05 14:25:06] [INFO] matcher —       • Intervenção de Terceiros: 1 (0.0%)
[2026-05-05 14:25:06] [WARNING] matcher — 
   ⚠️  1590 registros SEM CATEGORIA (34.3%)
[2026-05-05 14:25:06] [INFO] matcher — 
============================================================
[2026-05-05 14:25:06] [INFO] matcher — 📈 DISTRIBUIÇÃO DE CONFIANÇA
[2026-05-05 14:25:06] [INFO] matcher — ============================================================
[2026-05-05 14:25:06] [INFO] matcher —    [  0- 20]:   1590 ( 34.3%)
[2026-05-05 14:25:06] [INFO] matcher —    [ 20- 40]:      0 (  0.0%)
[2026-05-05 14:25:06] [INFO] matcher —    [ 40- 60]:      0 (  0.0%)
[2026-05-05 14:25:06] [INFO] matcher —    [ 60- 80]:     15 (  0.3%)
[2026-05-05 14:25:06] [INFO] matcher —    [ 80-100]:    958 ( 20.7%)
[2026-05-05 14:25:06] [INFO] matcher —    [ 90-100]:   2888 ( 62.3%)
[2026-05-05 14:25:06] [INFO] matcher —    [100-100]:   2076 ( 44.8%)
[2026-05-05 14:25:08] [INFO] matcher — ✅ Exportado: sem_match_civel_20260505_142406.xlsx (4639 registros)
[2026-05-05 14:25:10] [INFO] matcher — ✅ Exportado: sem_match_civel_prioridade_20260505_142406.xlsx (3625 registros prioritários)
[2026-05-05 14:25:10] [INFO] matcher — ✅ Exportado: agravo_interno_20260505_142406.xlsx (118 registros)
[2026-05-05 14:25:10] [INFO] matcher — ✅ Exportado: agravo_regimental_20260505_142406.xlsx (33 registros)
[2026-05-05 14:25:10] [INFO] matcher — ✅ Exportado: agravo_de_instrumento_20260505_142406.xlsx (242 registros)
[2026-05-05 14:25:10] [INFO] matcher — ✅ Exportado: arguicao_de_inconstitucionalidade_20260505_142406.xlsx (3 registros)
[2026-05-05 14:25:10] [INFO] matcher — ✅ Exportado: arresto_ou_sequestro_20260505_142406.xlsx (4 registros)
[2026-05-05 14:25:11] [INFO] matcher — ✅ Exportado: assistência_20260505_142406.xlsx (60 registros)
[2026-05-05 14:25:11] [INFO] matcher — ✅ Exportado: carta_precatoria_civel_20260505_142406.xlsx (28 registros)
[2026-05-05 14:25:11] [INFO] matcher — ✅ Exportado: coisa_julgada_20260505_142406.xlsx (25 registros)
[2026-05-05 14:25:11] [INFO] matcher — ✅ Exportado: conflito_de_competência_20260505_142406.xlsx (6 registros)
[2026-05-05 14:25:11] [INFO] matcher — ✅ Exportado: cumprimento_de_sentenca_20260505_142406.xlsx (469 registros)
[2026-05-05 14:25:11] [INFO] matcher — ✅ Exportado: desconsideracao_da_personalidade_juridica_20260505_142406.xlsx (3 registros)
[2026-05-05 14:25:11] [INFO] matcher — ✅ Exportado: excluido_20260505_142406.xlsx (659 registros)
[2026-05-05 14:25:11] [INFO] matcher — ✅ Exportado: embargos_20260505_142406.xlsx (14 registros)
[2026-05-05 14:25:12] [INFO] matcher — ✅ Exportado: embargos_de_declaracao_20260505_142406.xlsx (218 registros)
[2026-05-05 14:25:12] [INFO] matcher — ✅ Exportado: embargos_de_divergência_20260505_142406.xlsx (5 registros)
[2026-05-05 14:25:12] [INFO] matcher — ✅ Exportado: embargos_à_execucao_20260505_142406.xlsx (35 registros)
[2026-05-05 14:25:12] [INFO] matcher — ✅ Exportado: exibicao_de_documento_ou_coisa_20260505_142406.xlsx (1 registros)
[2026-05-05 14:25:12] [INFO] matcher — ✅ Exportado: iac_20260505_142406.xlsx (503 registros)
[2026-05-05 14:25:12] [INFO] matcher — ✅ Exportado: irdr_20260505_142406.xlsx (4 registros)
[2026-05-05 14:25:12] [INFO] matcher — ✅ Exportado: impedimentosuspeicao_do_juiz_20260505_142406.xlsx (58 registros)
[2026-05-05 14:25:12] [INFO] matcher — ✅ Exportado: impugnacao_ao_valor_da_causa_20260505_142406.xlsx (5 registros)
[2026-05-05 14:25:12] [INFO] matcher — ✅ Exportado: incidente_de_arbitramento_20260505_142406.xlsx (9 registros)
[2026-05-05 14:25:12] [INFO] matcher — ✅ Exportado: intervencao_de_terceiros_20260505_142406.xlsx (1 registros)
[2026-05-05 14:25:12] [INFO] matcher — ✅ Exportado: liquidacao_de_sentenca_20260505_142406.xlsx (4 registros)
[2026-05-05 14:25:12] [INFO] matcher — ✅ Exportado: litispendência_20260505_142406.xlsx (3 registros)
[2026-05-05 14:25:12] [INFO] matcher — ✅ Exportado: mandado_de_seguranca_civel_20260505_142406.xlsx (44 registros)
[2026-05-05 14:25:13] [INFO] matcher — ✅ Exportado: oposicao_20260505_142406.xlsx (10 registros)
[2026-05-05 14:25:13] [INFO] matcher — ✅ Exportado: producao_antecipada_de_provas_20260505_142406.xlsx (4 registros)
[2026-05-05 14:25:13] [INFO] matcher — ✅ Exportado: pre_executividade_20260505_142406.xlsx (4 registros)
[2026-05-05 14:25:13] [INFO] matcher — ✅ Exportado: rpv_20260505_142406.xlsx (8 registros)
[2026-05-05 14:25:13] [INFO] matcher — ✅ Exportado: recurso_adesivo_20260505_142406.xlsx (3 registros)
[2026-05-05 14:25:13] [INFO] matcher — ✅ Exportado: recurso_especial_20260505_142406.xlsx (66 registros)
[2026-05-05 14:25:13] [INFO] matcher — ✅ Exportado: recurso_extraordinario_20260505_142406.xlsx (18 registros)
[2026-05-05 14:25:13] [INFO] matcher — ✅ Exportado: recurso_inominado_20260505_142406.xlsx (126 registros)
[2026-05-05 14:25:13] [INFO] matcher — ✅ Exportado: recursos_20260505_142406.xlsx (195 registros)
[2026-05-05 14:25:13] [INFO] matcher — ✅ Exportado: tutela_cautelar_antecedente_20260505_142406.xlsx (2 registros)
[2026-05-05 14:25:13] [INFO] matcher — ✅ Exportado: tutela_provisoria_20260505_142406.xlsx (58 registros)
[2026-05-05 14:25:13] [INFO] matcher — ✅ Exportado: uniformizacao_de_jurisprudência_20260505_142406.xlsx (1 registros)
[2026-05-05 14:25:14] [INFO] matcher — ⚠️  Exportado: sem_match_civel_sem_categoria_20260505_142406.xlsx (1590 registros sem categoria)
[2026-05-05 14:25:14] [INFO] matcher — ✅ Exportado: com_match_descartados_20260505_142406.xlsx (630 registros descartados)
[2026-05-05 14:25:17] [INFO] matcher — ✅ Resumo exportado: resumo_20260505_142406.xlsx
[2026-05-05 14:25:17] [INFO] matcher — 🎉 PROCESSO FINALIZADO COM SUCESSO
