[2026-05-05 14:30:18] [INFO] matcher — 🚀 INICIANDO PROCESSO DE TRIAGEM
[2026-05-05 14:30:36] [INFO] matcher — Legal One: 149737 linhas lidas
[2026-05-05 14:30:51] [INFO] matcher — Legal One: 269555 identificadores no pool
[2026-05-05 14:30:55] [INFO] matcher — Bases externas: 8587 linhas lidas (antes de dedup)
[2026-05-05 14:30:55] [INFO] matcher — Duplicatas removidas: 2002
[2026-05-05 14:30:55] [INFO] matcher — Matching: 5879 SEM MATCH, 706 COM MATCH
[2026-05-05 14:30:55] [INFO] matcher — 
[2026-05-05 14:30:55] [INFO] matcher — ============================================================
[2026-05-05 14:30:55] [INFO] matcher — RESULTADOS DO MATCHING
[2026-05-05 14:30:55] [INFO] matcher — ============================================================
[2026-05-05 14:30:55] [INFO] matcher —    Total processado: 6585
[2026-05-05 14:30:55] [INFO] matcher —    Trabalhista sem match: 791 (12.0%)
[2026-05-05 14:30:55] [INFO] matcher —    Civel sem match: 5088 (77.3%)
[2026-05-05 14:30:55] [INFO] matcher —    COM MATCH: 706 (10.7%)
[2026-05-05 14:30:55] [INFO] matcher — 📋 INICIANDO CLASSIFICAÇÃO TRABALHISTA
[2026-05-05 14:30:56] [INFO] matcher — ✅ Exportado BRUTO: sem_match_trab_bruto_20260505_143018.xlsx (791 registros)
[2026-05-05 14:30:58] [INFO] matcher — ✅ Classificação TRABALHISTA concluída
[2026-05-05 14:30:58] [INFO] matcher — 
============================================================
[2026-05-05 14:30:58] [INFO] matcher — 📊 ESTATÍSTICAS — TRABALHISTA
[2026-05-05 14:30:58] [INFO] matcher — ============================================================
[2026-05-05 14:30:58] [INFO] matcher —    Total de registros: 791
[2026-05-05 14:30:58] [INFO] matcher — 
   Classificação por categoria:
[2026-05-05 14:30:58] [INFO] matcher —       • Ação Trabalhista: 333 (42.1%)
[2026-05-05 14:30:58] [INFO] matcher —       • Ação de Cumprimento: 205 (25.9%)
[2026-05-05 14:30:58] [INFO] matcher —       • Recurso Ordinário: 116 (14.7%)
[2026-05-05 14:30:58] [INFO] matcher —       • Agravo de Instrumento: 63 (8.0%)
[2026-05-05 14:30:58] [INFO] matcher —       • Embargos de Declaração: 36 (4.6%)
[2026-05-05 14:30:58] [INFO] matcher —       • Recurso Extraordinário: 13 (1.6%)
[2026-05-05 14:30:58] [INFO] matcher —       • Agravo de Petição: 12 (1.5%)
[2026-05-05 14:30:58] [INFO] matcher —       • Recurso de Revista: 6 (0.8%)
[2026-05-05 14:30:58] [INFO] matcher —       • nan: 3 (0.4%)
[2026-05-05 14:30:58] [INFO] matcher —       • Décio Freire: 3 (0.4%)
[2026-05-05 14:30:58] [INFO] matcher —       • Mandado de Segurança: 1 (0.1%)
[2026-05-05 14:30:58] [WARNING] matcher — 
   ⚠️  3 registros SEM CATEGORIA (0.4%)
[2026-05-05 14:30:58] [INFO] matcher — ✅ Exportado: sem_match_trab_prioridade_20260505_143018.xlsx (3 registros)
[2026-05-05 14:30:58] [INFO] matcher — ✅ Exportado: agravo_de_instrumento_20260505_143018.xlsx (63 registros)
[2026-05-05 14:30:58] [INFO] matcher — ✅ Exportado: agravo_de_peticao_20260505_143018.xlsx (12 registros)
[2026-05-05 14:30:58] [INFO] matcher — ✅ Exportado: acao_trabalhista_20260505_143018.xlsx (333 registros)
[2026-05-05 14:30:58] [INFO] matcher — ✅ Exportado: acao_de_cumprimento_20260505_143018.xlsx (205 registros)
[2026-05-05 14:30:59] [INFO] matcher — ✅ Exportado: embargos_de_declaracao_20260505_143018.xlsx (36 registros)
[2026-05-05 14:30:59] [INFO] matcher — ✅ Exportado: mandado_de_seguranca_20260505_143018.xlsx (1 registros)
[2026-05-05 14:30:59] [INFO] matcher — ✅ Exportado: recurso_extraordinario_20260505_143018.xlsx (13 registros)
[2026-05-05 14:30:59] [INFO] matcher — ✅ Exportado: recurso_ordinario_20260505_143018.xlsx (116 registros)
[2026-05-05 14:30:59] [INFO] matcher — ✅ Exportado: recurso_de_revista_20260505_143018.xlsx (6 registros)
[2026-05-05 14:30:59] [INFO] matcher — ✅ Exportado: sem_match_trab_todos_classificados_20260505_143018.xlsx (788 registros)
[2026-05-05 14:30:59] [INFO] matcher — ⚠️  Exportado: sem_match_trab_sem_categoria_20260505_143018.xlsx (3 registros sem categoria)
[2026-05-05 14:31:18] [INFO] matcher — ✅ Classificação CÍVEL concluída
[2026-05-05 14:31:18] [INFO] matcher — 
============================================================
[2026-05-05 14:31:18] [INFO] matcher — 📊 ESTATÍSTICAS — CÍVEL
[2026-05-05 14:31:18] [INFO] matcher — ============================================================
[2026-05-05 14:31:18] [INFO] matcher —    Total de registros: 5088
[2026-05-05 14:31:18] [INFO] matcher — 
   Classificação por categoria:
[2026-05-05 14:31:18] [INFO] matcher —       • nan: 1562 (30.7%)
[2026-05-05 14:31:18] [INFO] matcher —       • Recurso Inominado: 573 (11.3%)
[2026-05-05 14:31:18] [INFO] matcher —       • IAC: 558 (11.0%)
[2026-05-05 14:31:18] [INFO] matcher —       • EXCLUIDO: 439 (8.6%)
[2026-05-05 14:31:18] [INFO] matcher —       • Cumprimento de Sentença: 390 (7.7%)
[2026-05-05 14:31:18] [INFO] matcher —       • Recursos: 320 (6.3%)
[2026-05-05 14:31:18] [INFO] matcher —       • Agravo de Instrumento: 313 (6.2%)
[2026-05-05 14:31:18] [INFO] matcher —       • Agravo Interno: 148 (2.9%)
[2026-05-05 14:31:18] [INFO] matcher —       • Embargos de Declaração: 147 (2.9%)
[2026-05-05 14:31:18] [INFO] matcher —       • Impedimento/Suspeição do Juiz: 133 (2.6%)
[2026-05-05 14:31:18] [INFO] matcher —       • Tutela Provisória: 81 (1.6%)
[2026-05-05 14:31:18] [INFO] matcher —       • Assistência: 75 (1.5%)
[2026-05-05 14:31:18] [INFO] matcher —       • Mandado de Segurança Cível: 55 (1.1%)
[2026-05-05 14:31:18] [INFO] matcher —       • Embargos à Execução: 45 (0.9%)
[2026-05-05 14:31:18] [INFO] matcher —       • Recurso Especial: 43 (0.8%)
[2026-05-05 14:31:18] [INFO] matcher —       • Agravo Regimental: 34 (0.7%)
[2026-05-05 14:31:18] [INFO] matcher —       • Carta Precatória Cível: 33 (0.6%)
[2026-05-05 14:31:18] [INFO] matcher —       • Incidente de Arbitramento: 29 (0.6%)
[2026-05-05 14:31:18] [INFO] matcher —       • Recurso Extraordinário: 25 (0.5%)
[2026-05-05 14:31:18] [INFO] matcher —       • Liquidação de Sentença: 16 (0.3%)
[2026-05-05 14:31:18] [INFO] matcher —       • Embargos: 11 (0.2%)
[2026-05-05 14:31:18] [INFO] matcher —       • Oposição: 11 (0.2%)
[2026-05-05 14:31:18] [INFO] matcher —       • Coisa Julgada: 9 (0.2%)
[2026-05-05 14:31:18] [INFO] matcher —       • Incompetência Relativa: 6 (0.1%)
[2026-05-05 14:31:18] [INFO] matcher —       • Desconsideração da Personalidade Jurídica: 5 (0.1%)
[2026-05-05 14:31:18] [INFO] matcher —       • IRDR: 5 (0.1%)
[2026-05-05 14:31:18] [INFO] matcher —       • Conflito de Competência: 4 (0.1%)
[2026-05-05 14:31:18] [INFO] matcher —       • Recurso Adesivo: 4 (0.1%)
[2026-05-05 14:31:18] [INFO] matcher —       • Litispendência: 4 (0.1%)
[2026-05-05 14:31:18] [INFO] matcher —       • Tutela Cautelar Antecedente: 2 (0.0%)
[2026-05-05 14:31:18] [INFO] matcher —       • RPV: 2 (0.0%)
[2026-05-05 14:31:18] [INFO] matcher —       • Impugnação ao Valor da Causa: 2 (0.0%)
[2026-05-05 14:31:18] [INFO] matcher —       • Falsidade Documental: 1 (0.0%)
[2026-05-05 14:31:18] [INFO] matcher —       • Exibição de Documento ou Coisa: 1 (0.0%)
[2026-05-05 14:31:18] [INFO] matcher —       • Pré-executividade: 1 (0.0%)
[2026-05-05 14:31:18] [INFO] matcher —       • Produção Antecipada de Provas: 1 (0.0%)
[2026-05-05 14:31:18] [WARNING] matcher — 
   ⚠️  1562 registros SEM CATEGORIA (30.7%)
[2026-05-05 14:31:18] [INFO] matcher — 
============================================================
[2026-05-05 14:31:18] [INFO] matcher — 📈 DISTRIBUIÇÃO DE CONFIANÇA
[2026-05-05 14:31:18] [INFO] matcher — ============================================================
[2026-05-05 14:31:18] [INFO] matcher —    [  0- 20]:   1562 ( 30.7%)
[2026-05-05 14:31:18] [INFO] matcher —    [ 20- 40]:      0 (  0.0%)
[2026-05-05 14:31:18] [INFO] matcher —    [ 40- 60]:      0 (  0.0%)
[2026-05-05 14:31:18] [INFO] matcher —    [ 60- 80]:     14 (  0.3%)
[2026-05-05 14:31:18] [INFO] matcher —    [ 80-100]:    815 ( 16.0%)
[2026-05-05 14:31:18] [INFO] matcher —    [ 90-100]:   3282 ( 64.5%)
[2026-05-05 14:31:18] [INFO] matcher —    [100-100]:   2697 ( 53.0%)
[2026-05-05 14:31:21] [INFO] matcher — ✅ Exportado: sem_match_civel_20260505_143018.xlsx (5088 registros)
[2026-05-05 14:31:23] [INFO] matcher — ✅ Exportado: sem_match_civel_prioridade_20260505_143018.xlsx (4354 registros prioritários)
[2026-05-05 14:31:23] [INFO] matcher — ✅ Exportado: agravo_interno_20260505_143018.xlsx (148 registros)
[2026-05-05 14:31:23] [INFO] matcher — ✅ Exportado: agravo_regimental_20260505_143018.xlsx (34 registros)
[2026-05-05 14:31:23] [INFO] matcher — ✅ Exportado: agravo_de_instrumento_20260505_143018.xlsx (313 registros)
[2026-05-05 14:31:23] [INFO] matcher — ✅ Exportado: assistência_20260505_143018.xlsx (75 registros)
[2026-05-05 14:31:23] [INFO] matcher — ✅ Exportado: carta_precatoria_civel_20260505_143018.xlsx (33 registros)
[2026-05-05 14:31:23] [INFO] matcher — ✅ Exportado: coisa_julgada_20260505_143018.xlsx (9 registros)
[2026-05-05 14:31:23] [INFO] matcher — ✅ Exportado: conflito_de_competência_20260505_143018.xlsx (4 registros)
[2026-05-05 14:31:24] [INFO] matcher — ✅ Exportado: cumprimento_de_sentenca_20260505_143018.xlsx (390 registros)
[2026-05-05 14:31:24] [INFO] matcher — ✅ Exportado: desconsideracao_da_personalidade_juridica_20260505_143018.xlsx (5 registros)
[2026-05-05 14:31:24] [INFO] matcher — ✅ Exportado: excluido_20260505_143018.xlsx (439 registros)
[2026-05-05 14:31:24] [INFO] matcher — ✅ Exportado: embargos_20260505_143018.xlsx (11 registros)
[2026-05-05 14:31:24] [INFO] matcher — ✅ Exportado: embargos_de_declaracao_20260505_143018.xlsx (147 registros)
[2026-05-05 14:31:24] [INFO] matcher — ✅ Exportado: embargos_à_execucao_20260505_143018.xlsx (45 registros)
[2026-05-05 14:31:24] [INFO] matcher — ✅ Exportado: exibicao_de_documento_ou_coisa_20260505_143018.xlsx (1 registros)
[2026-05-05 14:31:24] [INFO] matcher — ✅ Exportado: falsidade_documental_20260505_143018.xlsx (1 registros)
[2026-05-05 14:31:25] [INFO] matcher — ✅ Exportado: iac_20260505_143018.xlsx (558 registros)
[2026-05-05 14:31:25] [INFO] matcher — ✅ Exportado: irdr_20260505_143018.xlsx (5 registros)
[2026-05-05 14:31:25] [INFO] matcher — ✅ Exportado: impedimentosuspeicao_do_juiz_20260505_143018.xlsx (133 registros)
[2026-05-05 14:31:25] [INFO] matcher — ✅ Exportado: impugnacao_ao_valor_da_causa_20260505_143018.xlsx (2 registros)
[2026-05-05 14:31:25] [INFO] matcher — ✅ Exportado: incidente_de_arbitramento_20260505_143018.xlsx (29 registros)
[2026-05-05 14:31:25] [INFO] matcher — ✅ Exportado: incompetência_relativa_20260505_143018.xlsx (6 registros)
[2026-05-05 14:31:25] [INFO] matcher — ✅ Exportado: liquidacao_de_sentenca_20260505_143018.xlsx (16 registros)
[2026-05-05 14:31:25] [INFO] matcher — ✅ Exportado: litispendência_20260505_143018.xlsx (4 registros)
[2026-05-05 14:31:25] [INFO] matcher — ✅ Exportado: mandado_de_seguranca_civel_20260505_143018.xlsx (55 registros)
[2026-05-05 14:31:25] [INFO] matcher — ✅ Exportado: oposicao_20260505_143018.xlsx (11 registros)
[2026-05-05 14:31:25] [INFO] matcher — ✅ Exportado: producao_antecipada_de_provas_20260505_143018.xlsx (1 registros)
[2026-05-05 14:31:25] [INFO] matcher — ✅ Exportado: pre_executividade_20260505_143018.xlsx (1 registros)
[2026-05-05 14:31:25] [INFO] matcher — ✅ Exportado: rpv_20260505_143018.xlsx (2 registros)
[2026-05-05 14:31:25] [INFO] matcher — ✅ Exportado: recurso_adesivo_20260505_143018.xlsx (4 registros)
[2026-05-05 14:31:25] [INFO] matcher — ✅ Exportado: recurso_especial_20260505_143018.xlsx (43 registros)
[2026-05-05 14:31:25] [INFO] matcher — ✅ Exportado: recurso_extraordinario_20260505_143018.xlsx (25 registros)
[2026-05-05 14:31:26] [INFO] matcher — ✅ Exportado: recurso_inominado_20260505_143018.xlsx (573 registros)
[2026-05-05 14:31:26] [INFO] matcher — ✅ Exportado: recursos_20260505_143018.xlsx (320 registros)
[2026-05-05 14:31:26] [INFO] matcher — ✅ Exportado: tutela_cautelar_antecedente_20260505_143018.xlsx (2 registros)
[2026-05-05 14:31:26] [INFO] matcher — ✅ Exportado: tutela_provisoria_20260505_143018.xlsx (81 registros)
[2026-05-05 14:31:27] [INFO] matcher — ⚠️  Exportado: sem_match_civel_sem_categoria_20260505_143018.xlsx (1562 registros sem categoria)
[2026-05-05 14:31:27] [INFO] matcher — ✅ Exportado: com_match_descartados_20260505_143018.xlsx (706 registros descartados)
[2026-05-05 14:31:30] [INFO] matcher — ✅ Resumo exportado: resumo_20260505_143018.xlsx
[2026-05-05 14:31:30] [INFO] matcher — 🎉 PROCESSO FINALIZADO COM SUCESSO
