[2026-04-24 16:43:00] [INFO] matcher — 🚀 INICIANDO PROCESSO DE TRIAGEM
[2026-04-24 16:43:00] [INFO] matcher — 🚀 INICIANDO PROCESSO DE TRIAGEM
[2026-04-24 16:43:29] [INFO] matcher — Legal One: 149056 linhas lidas
[2026-04-24 16:43:29] [INFO] matcher — Legal One: 149056 linhas lidas
[2026-04-24 16:43:43] [INFO] matcher — Legal One: 268309 identificadores no pool
[2026-04-24 16:43:43] [INFO] matcher — Legal One: 268309 identificadores no pool
[2026-04-24 16:43:47] [INFO] matcher — Bases externas: 6243 linhas lidas (antes de dedup)
[2026-04-24 16:43:47] [INFO] matcher — Bases externas: 6243 linhas lidas (antes de dedup)
[2026-04-24 16:43:47] [INFO] matcher — Duplicatas removidas: 1670
[2026-04-24 16:43:47] [INFO] matcher — Duplicatas removidas: 1670
[2026-04-24 16:43:47] [INFO] matcher — Matching: 4041 SEM MATCH, 532 COM MATCH
[2026-04-24 16:43:47] [INFO] matcher — Matching: 4041 SEM MATCH, 532 COM MATCH
[2026-04-24 16:43:47] [INFO] matcher — 
[2026-04-24 16:43:47] [INFO] matcher — 
[2026-04-24 16:43:47] [INFO] matcher — ============================================================
[2026-04-24 16:43:47] [INFO] matcher — ============================================================
[2026-04-24 16:43:47] [INFO] matcher — RESULTADOS DO MATCHING
[2026-04-24 16:43:47] [INFO] matcher — RESULTADOS DO MATCHING
[2026-04-24 16:43:47] [INFO] matcher — ============================================================
[2026-04-24 16:43:47] [INFO] matcher — ============================================================
[2026-04-24 16:43:47] [INFO] matcher —    Total processado: 4573
[2026-04-24 16:43:47] [INFO] matcher —    Total processado: 4573
[2026-04-24 16:43:47] [INFO] matcher —    Trabalhista sem match: 651 (14.2%)
[2026-04-24 16:43:47] [INFO] matcher —    Trabalhista sem match: 651 (14.2%)
[2026-04-24 16:43:47] [INFO] matcher —    Civel sem match: 3390 (74.1%)
[2026-04-24 16:43:47] [INFO] matcher —    Civel sem match: 3390 (74.1%)
[2026-04-24 16:43:47] [INFO] matcher —    COM MATCH: 532 (11.6%)
[2026-04-24 16:43:47] [INFO] matcher —    COM MATCH: 532 (11.6%)
[2026-04-24 16:43:47] [INFO] matcher — 📋 INICIANDO CLASSIFICAÇÃO TRABALHISTA
[2026-04-24 16:43:47] [INFO] matcher — 📋 INICIANDO CLASSIFICAÇÃO TRABALHISTA
[2026-04-24 16:43:48] [INFO] matcher — ✅ Exportado BRUTO: sem_match_trab_bruto_20260424_164300.xlsx (651 registros)
[2026-04-24 16:43:48] [INFO] matcher — ✅ Exportado BRUTO: sem_match_trab_bruto_20260424_164300.xlsx (651 registros)
[2026-04-24 16:43:50] [INFO] matcher — ✅ Classificação TRABALHISTA concluída
[2026-04-24 16:43:50] [INFO] matcher — ✅ Classificação TRABALHISTA concluída
[2026-04-24 16:43:50] [INFO] matcher — 
============================================================
[2026-04-24 16:43:50] [INFO] matcher — 
============================================================
[2026-04-24 16:43:50] [INFO] matcher — 📊 ESTATÍSTICAS — TRABALHISTA
[2026-04-24 16:43:50] [INFO] matcher — 📊 ESTATÍSTICAS — TRABALHISTA
[2026-04-24 16:43:50] [INFO] matcher — ============================================================
[2026-04-24 16:43:50] [INFO] matcher — ============================================================
[2026-04-24 16:43:50] [INFO] matcher —    Total de registros: 651
[2026-04-24 16:43:50] [INFO] matcher —    Total de registros: 651
[2026-04-24 16:43:50] [INFO] matcher — 
   Classificação por categoria:
[2026-04-24 16:43:50] [INFO] matcher — 
   Classificação por categoria:
[2026-04-24 16:43:50] [INFO] matcher —       • Ação Trabalhista: 299 (45.9%)
[2026-04-24 16:43:50] [INFO] matcher —       • Ação Trabalhista: 299 (45.9%)
[2026-04-24 16:43:50] [INFO] matcher —       • Ação de Cumprimento: 171 (26.3%)
[2026-04-24 16:43:50] [INFO] matcher —       • Ação de Cumprimento: 171 (26.3%)
[2026-04-24 16:43:50] [INFO] matcher —       • Agravo de Instrumento: 66 (10.1%)
[2026-04-24 16:43:50] [INFO] matcher —       • Agravo de Instrumento: 66 (10.1%)
[2026-04-24 16:43:50] [INFO] matcher —       • Recurso Ordinário: 61 (9.4%)
[2026-04-24 16:43:50] [INFO] matcher —       • Recurso Ordinário: 61 (9.4%)
[2026-04-24 16:43:50] [INFO] matcher —       • Embargos de Declaração: 27 (4.1%)
[2026-04-24 16:43:50] [INFO] matcher —       • Embargos de Declaração: 27 (4.1%)
[2026-04-24 16:43:50] [INFO] matcher —       • Agravo de Petição: 16 (2.5%)
[2026-04-24 16:43:50] [INFO] matcher —       • Agravo de Petição: 16 (2.5%)
[2026-04-24 16:43:50] [INFO] matcher —       • Recurso de Revista: 5 (0.8%)
[2026-04-24 16:43:50] [INFO] matcher —       • Recurso de Revista: 5 (0.8%)
[2026-04-24 16:43:50] [INFO] matcher —       • Décio Freire: 4 (0.6%)
[2026-04-24 16:43:50] [INFO] matcher —       • Décio Freire: 4 (0.6%)
[2026-04-24 16:43:50] [INFO] matcher —       • Tutela Cautelar Antecedente: 2 (0.3%)
[2026-04-24 16:43:50] [INFO] matcher —       • Tutela Cautelar Antecedente: 2 (0.3%)
[2026-04-24 16:43:50] [INFO] matcher — ✅ Exportado: sem_match_trab_prioridade_20260424_164300.xlsx (4 registros)
[2026-04-24 16:43:50] [INFO] matcher — ✅ Exportado: sem_match_trab_prioridade_20260424_164300.xlsx (4 registros)
[2026-04-24 16:43:50] [INFO] matcher — ✅ Exportado: agravo_de_instrumento_20260424_164300.xlsx (66 registros)
[2026-04-24 16:43:50] [INFO] matcher — ✅ Exportado: agravo_de_instrumento_20260424_164300.xlsx (66 registros)
[2026-04-24 16:43:50] [INFO] matcher — ✅ Exportado: agravo_de_peticao_20260424_164300.xlsx (16 registros)
[2026-04-24 16:43:50] [INFO] matcher — ✅ Exportado: agravo_de_peticao_20260424_164300.xlsx (16 registros)
[2026-04-24 16:43:50] [INFO] matcher — ✅ Exportado: acao_trabalhista_20260424_164300.xlsx (299 registros)
[2026-04-24 16:43:50] [INFO] matcher — ✅ Exportado: acao_trabalhista_20260424_164300.xlsx (299 registros)
[2026-04-24 16:43:50] [INFO] matcher — ✅ Exportado: acao_de_cumprimento_20260424_164300.xlsx (171 registros)
[2026-04-24 16:43:50] [INFO] matcher — ✅ Exportado: acao_de_cumprimento_20260424_164300.xlsx (171 registros)
[2026-04-24 16:43:51] [INFO] matcher — ✅ Exportado: embargos_de_declaracao_20260424_164300.xlsx (27 registros)
[2026-04-24 16:43:51] [INFO] matcher — ✅ Exportado: embargos_de_declaracao_20260424_164300.xlsx (27 registros)
[2026-04-24 16:43:51] [INFO] matcher — ✅ Exportado: recurso_ordinario_20260424_164300.xlsx (61 registros)
[2026-04-24 16:43:51] [INFO] matcher — ✅ Exportado: recurso_ordinario_20260424_164300.xlsx (61 registros)
[2026-04-24 16:43:51] [INFO] matcher — ✅ Exportado: recurso_de_revista_20260424_164300.xlsx (5 registros)
[2026-04-24 16:43:51] [INFO] matcher — ✅ Exportado: recurso_de_revista_20260424_164300.xlsx (5 registros)
[2026-04-24 16:43:51] [INFO] matcher — ✅ Exportado: tutela_cautelar_antecedente_20260424_164300.xlsx (2 registros)
[2026-04-24 16:43:51] [INFO] matcher — ✅ Exportado: tutela_cautelar_antecedente_20260424_164300.xlsx (2 registros)
[2026-04-24 16:43:51] [INFO] matcher — ✅ Exportado: sem_match_trab_todos_classificados_20260424_164300.xlsx (651 registros)
[2026-04-24 16:43:51] [INFO] matcher — ✅ Exportado: sem_match_trab_todos_classificados_20260424_164300.xlsx (651 registros)
[2026-04-24 16:44:07] [INFO] matcher — ✅ Classificação CÍVEL concluída
[2026-04-24 16:44:07] [INFO] matcher — ✅ Classificação CÍVEL concluída
[2026-04-24 16:44:07] [INFO] matcher — 
============================================================
[2026-04-24 16:44:07] [INFO] matcher — 
============================================================
[2026-04-24 16:44:07] [INFO] matcher — 📊 ESTATÍSTICAS — CÍVEL
[2026-04-24 16:44:07] [INFO] matcher — 📊 ESTATÍSTICAS — CÍVEL
[2026-04-24 16:44:07] [INFO] matcher — ============================================================
[2026-04-24 16:44:07] [INFO] matcher — ============================================================
[2026-04-24 16:44:07] [INFO] matcher —    Total de registros: 3390
[2026-04-24 16:44:07] [INFO] matcher —    Total de registros: 3390
[2026-04-24 16:44:07] [INFO] matcher — 
   Classificação por categoria:
[2026-04-24 16:44:07] [INFO] matcher — 
   Classificação por categoria:
[2026-04-24 16:44:07] [INFO] matcher —       • nan: 1174 (34.6%)
[2026-04-24 16:44:07] [INFO] matcher —       • nan: 1174 (34.6%)
[2026-04-24 16:44:07] [INFO] matcher —       • IAC: 490 (14.5%)
[2026-04-24 16:44:07] [INFO] matcher —       • IAC: 490 (14.5%)
[2026-04-24 16:44:07] [INFO] matcher —       • Cumprimento de Sentença: 341 (10.1%)
[2026-04-24 16:44:07] [INFO] matcher —       • Cumprimento de Sentença: 341 (10.1%)
[2026-04-24 16:44:07] [INFO] matcher —       • Agravo de Instrumento: 242 (7.1%)
[2026-04-24 16:44:07] [INFO] matcher —       • Agravo de Instrumento: 242 (7.1%)
[2026-04-24 16:44:07] [INFO] matcher —       • Incidente de Arbitramento: 131 (3.9%)
[2026-04-24 16:44:07] [INFO] matcher —       • Incidente de Arbitramento: 131 (3.9%)
[2026-04-24 16:44:07] [INFO] matcher —       • Recursos: 121 (3.6%)
[2026-04-24 16:44:07] [INFO] matcher —       • Recursos: 121 (3.6%)
[2026-04-24 16:44:07] [INFO] matcher —       • Agravo Interno: 112 (3.3%)
[2026-04-24 16:44:07] [INFO] matcher —       • Agravo Interno: 112 (3.3%)
[2026-04-24 16:44:07] [INFO] matcher —       • Recurso Inominado: 110 (3.2%)
[2026-04-24 16:44:07] [INFO] matcher —       • Recurso Inominado: 110 (3.2%)
[2026-04-24 16:44:07] [INFO] matcher —       • Embargos de Declaração: 101 (3.0%)
[2026-04-24 16:44:07] [INFO] matcher —       • Embargos de Declaração: 101 (3.0%)
[2026-04-24 16:44:07] [INFO] matcher —       • EXCLUIDO: 100 (2.9%)
[2026-04-24 16:44:07] [INFO] matcher —       • EXCLUIDO: 100 (2.9%)
[2026-04-24 16:44:07] [INFO] matcher —       • Assistência: 71 (2.1%)
[2026-04-24 16:44:07] [INFO] matcher —       • Assistência: 71 (2.1%)
[2026-04-24 16:44:07] [INFO] matcher —       • Agravo Regimental: 61 (1.8%)
[2026-04-24 16:44:07] [INFO] matcher —       • Agravo Regimental: 61 (1.8%)
[2026-04-24 16:44:07] [INFO] matcher —       • Mandado de Segurança Cível: 54 (1.6%)
[2026-04-24 16:44:07] [INFO] matcher —       • Mandado de Segurança Cível: 54 (1.6%)
[2026-04-24 16:44:07] [INFO] matcher —       • Recurso Especial: 39 (1.2%)
[2026-04-24 16:44:07] [INFO] matcher —       • Recurso Especial: 39 (1.2%)
[2026-04-24 16:44:07] [INFO] matcher —       • Carta Precatória Cível: 37 (1.1%)
[2026-04-24 16:44:07] [INFO] matcher —       • Carta Precatória Cível: 37 (1.1%)
[2026-04-24 16:44:07] [INFO] matcher —       • Impedimento/Suspeição do Juiz: 29 (0.9%)
[2026-04-24 16:44:07] [INFO] matcher —       • Impedimento/Suspeição do Juiz: 29 (0.9%)
[2026-04-24 16:44:07] [INFO] matcher —       • Tutela Provisória: 29 (0.9%)
[2026-04-24 16:44:07] [INFO] matcher —       • Tutela Provisória: 29 (0.9%)
[2026-04-24 16:44:07] [INFO] matcher —       • Embargos à Execução: 26 (0.8%)
[2026-04-24 16:44:07] [INFO] matcher —       • Embargos à Execução: 26 (0.8%)
[2026-04-24 16:44:07] [INFO] matcher —       • Recurso Extraordinário: 23 (0.7%)
[2026-04-24 16:44:07] [INFO] matcher —       • Recurso Extraordinário: 23 (0.7%)
[2026-04-24 16:44:07] [INFO] matcher —       • Embargos: 19 (0.6%)
[2026-04-24 16:44:07] [INFO] matcher —       • Embargos: 19 (0.6%)
[2026-04-24 16:44:07] [INFO] matcher —       • Incompetência Relativa: 17 (0.5%)
[2026-04-24 16:44:07] [INFO] matcher —       • Incompetência Relativa: 17 (0.5%)
[2026-04-24 16:44:07] [INFO] matcher —       • IRDR: 17 (0.5%)
[2026-04-24 16:44:07] [INFO] matcher —       • IRDR: 17 (0.5%)
[2026-04-24 16:44:07] [INFO] matcher —       • Arresto ou Sequestro: 8 (0.2%)
[2026-04-24 16:44:07] [INFO] matcher —       • Arresto ou Sequestro: 8 (0.2%)
[2026-04-24 16:44:07] [INFO] matcher —       • Oposição: 7 (0.2%)
[2026-04-24 16:44:07] [INFO] matcher —       • Oposição: 7 (0.2%)
[2026-04-24 16:44:07] [INFO] matcher —       • Liquidação de Sentença: 5 (0.1%)
[2026-04-24 16:44:07] [INFO] matcher —       • Liquidação de Sentença: 5 (0.1%)
[2026-04-24 16:44:07] [INFO] matcher —       • Pré-executividade: 5 (0.1%)
[2026-04-24 16:44:07] [INFO] matcher —       • Pré-executividade: 5 (0.1%)
[2026-04-24 16:44:07] [INFO] matcher —       • RPV: 5 (0.1%)
[2026-04-24 16:44:07] [INFO] matcher —       • RPV: 5 (0.1%)
[2026-04-24 16:44:07] [INFO] matcher —       • Recurso Adesivo: 3 (0.1%)
[2026-04-24 16:44:07] [INFO] matcher —       • Recurso Adesivo: 3 (0.1%)
[2026-04-24 16:44:07] [INFO] matcher —       • Litispendência: 3 (0.1%)
[2026-04-24 16:44:07] [INFO] matcher —       • Litispendência: 3 (0.1%)
[2026-04-24 16:44:07] [INFO] matcher —       • Tutela Cautelar Antecedente: 2 (0.1%)
[2026-04-24 16:44:07] [INFO] matcher —       • Tutela Cautelar Antecedente: 2 (0.1%)
[2026-04-24 16:44:07] [INFO] matcher —       • Coisa Julgada: 2 (0.1%)
[2026-04-24 16:44:07] [INFO] matcher —       • Coisa Julgada: 2 (0.1%)
[2026-04-24 16:44:07] [INFO] matcher —       • Exibição de Documento ou Coisa: 2 (0.1%)
[2026-04-24 16:44:07] [INFO] matcher —       • Exibição de Documento ou Coisa: 2 (0.1%)
[2026-04-24 16:44:07] [INFO] matcher —       • Produção Antecipada de Provas: 1 (0.0%)
[2026-04-24 16:44:07] [INFO] matcher —       • Produção Antecipada de Provas: 1 (0.0%)
[2026-04-24 16:44:07] [INFO] matcher —       • Conflito de Competência: 1 (0.0%)
[2026-04-24 16:44:07] [INFO] matcher —       • Conflito de Competência: 1 (0.0%)
[2026-04-24 16:44:07] [INFO] matcher —       • Embargos de Divergência: 1 (0.0%)
[2026-04-24 16:44:07] [INFO] matcher —       • Embargos de Divergência: 1 (0.0%)
[2026-04-24 16:44:07] [INFO] matcher —       • Desconsideração da Personalidade Jurídica: 1 (0.0%)
[2026-04-24 16:44:07] [INFO] matcher —       • Desconsideração da Personalidade Jurídica: 1 (0.0%)
[2026-04-24 16:44:07] [WARNING] matcher — 
   ⚠️  1174 registros SEM CATEGORIA (34.6%)
[2026-04-24 16:44:07] [WARNING] matcher — 
   ⚠️  1174 registros SEM CATEGORIA (34.6%)
[2026-04-24 16:44:07] [INFO] matcher — 
============================================================
[2026-04-24 16:44:07] [INFO] matcher — 
============================================================
[2026-04-24 16:44:07] [INFO] matcher — 📈 DISTRIBUIÇÃO DE CONFIANÇA
[2026-04-24 16:44:07] [INFO] matcher — 📈 DISTRIBUIÇÃO DE CONFIANÇA
[2026-04-24 16:44:07] [INFO] matcher — ============================================================
[2026-04-24 16:44:07] [INFO] matcher — ============================================================
[2026-04-24 16:44:07] [INFO] matcher —    [  0- 20]:   1174 ( 34.6%)
[2026-04-24 16:44:07] [INFO] matcher —    [  0- 20]:   1174 ( 34.6%)
[2026-04-24 16:44:07] [INFO] matcher —    [ 20- 40]:      0 (  0.0%)
[2026-04-24 16:44:07] [INFO] matcher —    [ 20- 40]:      0 (  0.0%)
[2026-04-24 16:44:07] [INFO] matcher —    [ 40- 60]:      0 (  0.0%)
[2026-04-24 16:44:07] [INFO] matcher —    [ 40- 60]:      0 (  0.0%)
[2026-04-24 16:44:07] [INFO] matcher —    [ 60- 80]:      5 (  0.1%)
[2026-04-24 16:44:07] [INFO] matcher —    [ 60- 80]:      5 (  0.1%)
[2026-04-24 16:44:07] [INFO] matcher —    [ 80-100]:    285 (  8.4%)
[2026-04-24 16:44:07] [INFO] matcher —    [ 80-100]:    285 (  8.4%)
[2026-04-24 16:44:07] [INFO] matcher —    [ 90-100]:   2096 ( 61.8%)
[2026-04-24 16:44:07] [INFO] matcher —    [ 90-100]:   2096 ( 61.8%)
[2026-04-24 16:44:07] [INFO] matcher —    [100-100]:   1926 ( 56.8%)
[2026-04-24 16:44:07] [INFO] matcher —    [100-100]:   1926 ( 56.8%)
[2026-04-24 16:44:08] [INFO] matcher — ✅ Exportado: sem_match_civel_20260424_164300.xlsx (3390 registros)
[2026-04-24 16:44:08] [INFO] matcher — ✅ Exportado: sem_match_civel_20260424_164300.xlsx (3390 registros)
[2026-04-24 16:44:10] [INFO] matcher — ✅ Exportado: sem_match_civel_prioridade_20260424_164300.xlsx (3075 registros prioritários)
[2026-04-24 16:44:10] [INFO] matcher — ✅ Exportado: sem_match_civel_prioridade_20260424_164300.xlsx (3075 registros prioritários)
[2026-04-24 16:44:10] [INFO] matcher — ✅ Exportado: agravo_interno_20260424_164300.xlsx (112 registros)
[2026-04-24 16:44:10] [INFO] matcher — ✅ Exportado: agravo_interno_20260424_164300.xlsx (112 registros)
[2026-04-24 16:44:10] [INFO] matcher — ✅ Exportado: agravo_regimental_20260424_164300.xlsx (61 registros)
[2026-04-24 16:44:10] [INFO] matcher — ✅ Exportado: agravo_regimental_20260424_164300.xlsx (61 registros)
[2026-04-24 16:44:10] [INFO] matcher — ✅ Exportado: agravo_de_instrumento_20260424_164300.xlsx (242 registros)
[2026-04-24 16:44:10] [INFO] matcher — ✅ Exportado: agravo_de_instrumento_20260424_164300.xlsx (242 registros)
[2026-04-24 16:44:10] [INFO] matcher — ✅ Exportado: arresto_ou_sequestro_20260424_164300.xlsx (8 registros)
[2026-04-24 16:44:10] [INFO] matcher — ✅ Exportado: arresto_ou_sequestro_20260424_164300.xlsx (8 registros)
[2026-04-24 16:44:11] [INFO] matcher — ✅ Exportado: assistência_20260424_164300.xlsx (71 registros)
[2026-04-24 16:44:11] [INFO] matcher — ✅ Exportado: assistência_20260424_164300.xlsx (71 registros)
[2026-04-24 16:44:11] [INFO] matcher — ✅ Exportado: carta_precatoria_civel_20260424_164300.xlsx (37 registros)
[2026-04-24 16:44:11] [INFO] matcher — ✅ Exportado: carta_precatoria_civel_20260424_164300.xlsx (37 registros)
[2026-04-24 16:44:11] [INFO] matcher — ✅ Exportado: coisa_julgada_20260424_164300.xlsx (2 registros)
[2026-04-24 16:44:11] [INFO] matcher — ✅ Exportado: coisa_julgada_20260424_164300.xlsx (2 registros)
[2026-04-24 16:44:11] [INFO] matcher — ✅ Exportado: conflito_de_competência_20260424_164300.xlsx (1 registros)
[2026-04-24 16:44:11] [INFO] matcher — ✅ Exportado: conflito_de_competência_20260424_164300.xlsx (1 registros)
[2026-04-24 16:44:11] [INFO] matcher — ✅ Exportado: cumprimento_de_sentenca_20260424_164300.xlsx (341 registros)
[2026-04-24 16:44:11] [INFO] matcher — ✅ Exportado: cumprimento_de_sentenca_20260424_164300.xlsx (341 registros)
[2026-04-24 16:44:11] [INFO] matcher — ✅ Exportado: desconsideracao_da_personalidade_juridica_20260424_164300.xlsx (1 registros)
[2026-04-24 16:44:11] [INFO] matcher — ✅ Exportado: desconsideracao_da_personalidade_juridica_20260424_164300.xlsx (1 registros)
[2026-04-24 16:44:11] [INFO] matcher — ✅ Exportado: excluido_20260424_164300.xlsx (100 registros)
[2026-04-24 16:44:11] [INFO] matcher — ✅ Exportado: excluido_20260424_164300.xlsx (100 registros)
[2026-04-24 16:44:11] [INFO] matcher — ✅ Exportado: embargos_20260424_164300.xlsx (19 registros)
[2026-04-24 16:44:11] [INFO] matcher — ✅ Exportado: embargos_20260424_164300.xlsx (19 registros)
[2026-04-24 16:44:11] [INFO] matcher — ✅ Exportado: embargos_de_declaracao_20260424_164300.xlsx (101 registros)
[2026-04-24 16:44:11] [INFO] matcher — ✅ Exportado: embargos_de_declaracao_20260424_164300.xlsx (101 registros)
[2026-04-24 16:44:11] [INFO] matcher — ✅ Exportado: embargos_de_divergência_20260424_164300.xlsx (1 registros)
[2026-04-24 16:44:11] [INFO] matcher — ✅ Exportado: embargos_de_divergência_20260424_164300.xlsx (1 registros)
[2026-04-24 16:44:11] [INFO] matcher — ✅ Exportado: embargos_à_execucao_20260424_164300.xlsx (26 registros)
[2026-04-24 16:44:11] [INFO] matcher — ✅ Exportado: embargos_à_execucao_20260424_164300.xlsx (26 registros)
[2026-04-24 16:44:11] [INFO] matcher — ✅ Exportado: exibicao_de_documento_ou_coisa_20260424_164300.xlsx (2 registros)
[2026-04-24 16:44:11] [INFO] matcher — ✅ Exportado: exibicao_de_documento_ou_coisa_20260424_164300.xlsx (2 registros)
[2026-04-24 16:44:12] [INFO] matcher — ✅ Exportado: iac_20260424_164300.xlsx (490 registros)
[2026-04-24 16:44:12] [INFO] matcher — ✅ Exportado: iac_20260424_164300.xlsx (490 registros)
[2026-04-24 16:44:12] [INFO] matcher — ✅ Exportado: irdr_20260424_164300.xlsx (17 registros)
[2026-04-24 16:44:12] [INFO] matcher — ✅ Exportado: irdr_20260424_164300.xlsx (17 registros)
[2026-04-24 16:44:12] [INFO] matcher — ✅ Exportado: impedimentosuspeicao_do_juiz_20260424_164300.xlsx (29 registros)
[2026-04-24 16:44:12] [INFO] matcher — ✅ Exportado: impedimentosuspeicao_do_juiz_20260424_164300.xlsx (29 registros)
[2026-04-24 16:44:12] [INFO] matcher — ✅ Exportado: incidente_de_arbitramento_20260424_164300.xlsx (131 registros)
[2026-04-24 16:44:12] [INFO] matcher — ✅ Exportado: incidente_de_arbitramento_20260424_164300.xlsx (131 registros)
[2026-04-24 16:44:12] [INFO] matcher — ✅ Exportado: incompetência_relativa_20260424_164300.xlsx (17 registros)
[2026-04-24 16:44:12] [INFO] matcher — ✅ Exportado: incompetência_relativa_20260424_164300.xlsx (17 registros)
[2026-04-24 16:44:12] [INFO] matcher — ✅ Exportado: liquidacao_de_sentenca_20260424_164300.xlsx (5 registros)
[2026-04-24 16:44:12] [INFO] matcher — ✅ Exportado: liquidacao_de_sentenca_20260424_164300.xlsx (5 registros)
[2026-04-24 16:44:12] [INFO] matcher — ✅ Exportado: litispendência_20260424_164300.xlsx (3 registros)
[2026-04-24 16:44:12] [INFO] matcher — ✅ Exportado: litispendência_20260424_164300.xlsx (3 registros)
[2026-04-24 16:44:12] [INFO] matcher — ✅ Exportado: mandado_de_seguranca_civel_20260424_164300.xlsx (54 registros)
[2026-04-24 16:44:12] [INFO] matcher — ✅ Exportado: mandado_de_seguranca_civel_20260424_164300.xlsx (54 registros)
[2026-04-24 16:44:12] [INFO] matcher — ✅ Exportado: oposicao_20260424_164300.xlsx (7 registros)
[2026-04-24 16:44:12] [INFO] matcher — ✅ Exportado: oposicao_20260424_164300.xlsx (7 registros)
[2026-04-24 16:44:12] [INFO] matcher — ✅ Exportado: producao_antecipada_de_provas_20260424_164300.xlsx (1 registros)
[2026-04-24 16:44:12] [INFO] matcher — ✅ Exportado: producao_antecipada_de_provas_20260424_164300.xlsx (1 registros)
[2026-04-24 16:44:12] [INFO] matcher — ✅ Exportado: pre_executividade_20260424_164300.xlsx (5 registros)
[2026-04-24 16:44:12] [INFO] matcher — ✅ Exportado: pre_executividade_20260424_164300.xlsx (5 registros)
[2026-04-24 16:44:13] [INFO] matcher — ✅ Exportado: rpv_20260424_164300.xlsx (5 registros)
[2026-04-24 16:44:13] [INFO] matcher — ✅ Exportado: rpv_20260424_164300.xlsx (5 registros)
[2026-04-24 16:44:13] [INFO] matcher — ✅ Exportado: recurso_adesivo_20260424_164300.xlsx (3 registros)
[2026-04-24 16:44:13] [INFO] matcher — ✅ Exportado: recurso_adesivo_20260424_164300.xlsx (3 registros)
[2026-04-24 16:44:13] [INFO] matcher — ✅ Exportado: recurso_especial_20260424_164300.xlsx (39 registros)
[2026-04-24 16:44:13] [INFO] matcher — ✅ Exportado: recurso_especial_20260424_164300.xlsx (39 registros)
[2026-04-24 16:44:13] [INFO] matcher — ✅ Exportado: recurso_extraordinario_20260424_164300.xlsx (23 registros)
[2026-04-24 16:44:13] [INFO] matcher — ✅ Exportado: recurso_extraordinario_20260424_164300.xlsx (23 registros)
[2026-04-24 16:44:13] [INFO] matcher — ✅ Exportado: recurso_inominado_20260424_164300.xlsx (110 registros)
[2026-04-24 16:44:13] [INFO] matcher — ✅ Exportado: recurso_inominado_20260424_164300.xlsx (110 registros)
[2026-04-24 16:44:13] [INFO] matcher — ✅ Exportado: recursos_20260424_164300.xlsx (121 registros)
[2026-04-24 16:44:13] [INFO] matcher — ✅ Exportado: recursos_20260424_164300.xlsx (121 registros)
[2026-04-24 16:44:13] [INFO] matcher — ✅ Exportado: tutela_cautelar_antecedente_20260424_164300.xlsx (2 registros)
[2026-04-24 16:44:13] [INFO] matcher — ✅ Exportado: tutela_cautelar_antecedente_20260424_164300.xlsx (2 registros)
[2026-04-24 16:44:13] [INFO] matcher — ✅ Exportado: tutela_provisoria_20260424_164300.xlsx (29 registros)
[2026-04-24 16:44:13] [INFO] matcher — ✅ Exportado: tutela_provisoria_20260424_164300.xlsx (29 registros)
[2026-04-24 16:44:14] [INFO] matcher — ⚠️  Exportado: sem_match_civel_sem_categoria_20260424_164300.xlsx (1174 registros sem categoria)
[2026-04-24 16:44:14] [INFO] matcher — ⚠️  Exportado: sem_match_civel_sem_categoria_20260424_164300.xlsx (1174 registros sem categoria)
[2026-04-24 16:44:14] [INFO] matcher — ✅ Exportado: com_match_descartados_20260424_164300.xlsx (532 registros descartados)
[2026-04-24 16:44:14] [INFO] matcher — ✅ Exportado: com_match_descartados_20260424_164300.xlsx (532 registros descartados)
[2026-04-24 16:44:21] [INFO] matcher — ✅ Resumo exportado: resumo_20260424_164300.xlsx
[2026-04-24 16:44:21] [INFO] matcher — ✅ Resumo exportado: resumo_20260424_164300.xlsx
[2026-04-24 16:44:21] [INFO] matcher — 🎉 PROCESSO FINALIZADO COM SUCESSO
[2026-04-24 16:44:21] [INFO] matcher — 🎉 PROCESSO FINALIZADO COM SUCESSO
