[2026-04-30 15:17:31] [INFO] matcher — 🚀 INICIANDO PROCESSO DE TRIAGEM
[2026-04-30 15:17:54] [INFO] matcher — Legal One: 149530 linhas lidas
[2026-04-30 15:18:10] [INFO] matcher — Legal One: 269167 identificadores no pool
[2026-04-30 15:18:15] [INFO] matcher — Bases externas: 8531 linhas lidas (antes de dedup)
[2026-04-30 15:18:16] [INFO] matcher — Duplicatas removidas: 1961
[2026-04-30 15:18:16] [INFO] matcher — Matching: 5888 SEM MATCH, 682 COM MATCH
[2026-04-30 15:18:16] [INFO] matcher — 
[2026-04-30 15:18:16] [INFO] matcher — ============================================================
[2026-04-30 15:18:16] [INFO] matcher — RESULTADOS DO MATCHING
[2026-04-30 15:18:16] [INFO] matcher — ============================================================
[2026-04-30 15:18:16] [INFO] matcher —    Total processado: 6570
[2026-04-30 15:18:16] [INFO] matcher —    Trabalhista sem match: 791 (12.0%)
[2026-04-30 15:18:16] [INFO] matcher —    Civel sem match: 5097 (77.6%)
[2026-04-30 15:18:16] [INFO] matcher —    COM MATCH: 682 (10.4%)
[2026-04-30 15:18:16] [INFO] matcher — 📋 INICIANDO CLASSIFICAÇÃO TRABALHISTA
[2026-04-30 15:18:16] [INFO] matcher — ✅ Exportado BRUTO: sem_match_trab_bruto_20260430_151731.xlsx (791 registros)
[2026-04-30 15:18:19] [INFO] matcher — ✅ Classificação TRABALHISTA concluída
[2026-04-30 15:18:19] [INFO] matcher — 
============================================================
[2026-04-30 15:18:19] [INFO] matcher — 📊 ESTATÍSTICAS — TRABALHISTA
[2026-04-30 15:18:19] [INFO] matcher — ============================================================
[2026-04-30 15:18:19] [INFO] matcher —    Total de registros: 791
[2026-04-30 15:18:19] [INFO] matcher — 
   Classificação por categoria:
[2026-04-30 15:18:19] [INFO] matcher —       • Ação Trabalhista: 333 (42.1%)
[2026-04-30 15:18:19] [INFO] matcher —       • Ação de Cumprimento: 205 (25.9%)
[2026-04-30 15:18:19] [INFO] matcher —       • Recurso Ordinário: 116 (14.7%)
[2026-04-30 15:18:19] [INFO] matcher —       • Agravo de Instrumento: 63 (8.0%)
[2026-04-30 15:18:19] [INFO] matcher —       • Embargos de Declaração: 36 (4.6%)
[2026-04-30 15:18:19] [INFO] matcher —       • Recurso Extraordinário: 13 (1.6%)
[2026-04-30 15:18:19] [INFO] matcher —       • Agravo de Petição: 12 (1.5%)
[2026-04-30 15:18:19] [INFO] matcher —       • Recurso de Revista: 6 (0.8%)
[2026-04-30 15:18:19] [INFO] matcher —       • nan: 3 (0.4%)
[2026-04-30 15:18:19] [INFO] matcher —       • Décio Freire: 3 (0.4%)
[2026-04-30 15:18:19] [INFO] matcher —       • Mandado de Segurança: 1 (0.1%)
[2026-04-30 15:18:19] [WARNING] matcher — 
   ⚠️  3 registros SEM CATEGORIA (0.4%)
[2026-04-30 15:18:19] [INFO] matcher — ✅ Exportado: sem_match_trab_prioridade_20260430_151731.xlsx (3 registros)
[2026-04-30 15:18:19] [INFO] matcher — ✅ Exportado: agravo_de_instrumento_20260430_151731.xlsx (63 registros)
[2026-04-30 15:18:19] [INFO] matcher — ✅ Exportado: agravo_de_peticao_20260430_151731.xlsx (12 registros)
[2026-04-30 15:18:19] [INFO] matcher — ✅ Exportado: acao_trabalhista_20260430_151731.xlsx (333 registros)
[2026-04-30 15:18:19] [INFO] matcher — ✅ Exportado: acao_de_cumprimento_20260430_151731.xlsx (205 registros)
[2026-04-30 15:18:19] [INFO] matcher — ✅ Exportado: embargos_de_declaracao_20260430_151731.xlsx (36 registros)
[2026-04-30 15:18:19] [INFO] matcher — ✅ Exportado: mandado_de_seguranca_20260430_151731.xlsx (1 registros)
[2026-04-30 15:18:19] [INFO] matcher — ✅ Exportado: recurso_extraordinario_20260430_151731.xlsx (13 registros)
[2026-04-30 15:18:19] [INFO] matcher — ✅ Exportado: recurso_ordinario_20260430_151731.xlsx (116 registros)
[2026-04-30 15:18:19] [INFO] matcher — ✅ Exportado: recurso_de_revista_20260430_151731.xlsx (6 registros)
[2026-04-30 15:18:20] [INFO] matcher — ✅ Exportado: sem_match_trab_todos_classificados_20260430_151731.xlsx (788 registros)
[2026-04-30 15:18:20] [INFO] matcher — ⚠️  Exportado: sem_match_trab_sem_categoria_20260430_151731.xlsx (3 registros sem categoria)
[2026-04-30 15:18:42] [INFO] matcher — ✅ Classificação CÍVEL concluída
[2026-04-30 15:18:42] [INFO] matcher — 
============================================================
[2026-04-30 15:18:42] [INFO] matcher — 📊 ESTATÍSTICAS — CÍVEL
[2026-04-30 15:18:42] [INFO] matcher — ============================================================
[2026-04-30 15:18:42] [INFO] matcher —    Total de registros: 5097
[2026-04-30 15:18:42] [INFO] matcher — 
   Classificação por categoria:
[2026-04-30 15:18:42] [INFO] matcher —       • nan: 1560 (30.6%)
[2026-04-30 15:18:42] [INFO] matcher —       • Recurso Inominado: 573 (11.2%)
[2026-04-30 15:18:42] [INFO] matcher —       • IAC: 563 (11.0%)
[2026-04-30 15:18:42] [INFO] matcher —       • EXCLUIDO: 438 (8.6%)
[2026-04-30 15:18:42] [INFO] matcher —       • Cumprimento de Sentença: 390 (7.7%)
[2026-04-30 15:18:42] [INFO] matcher —       • Recursos: 319 (6.3%)
[2026-04-30 15:18:42] [INFO] matcher —       • Agravo de Instrumento: 316 (6.2%)
[2026-04-30 15:18:42] [INFO] matcher —       • Agravo Interno: 148 (2.9%)
[2026-04-30 15:18:42] [INFO] matcher —       • Embargos de Declaração: 147 (2.9%)
[2026-04-30 15:18:42] [INFO] matcher —       • Impedimento/Suspeição do Juiz: 133 (2.6%)
[2026-04-30 15:18:42] [INFO] matcher —       • Tutela Provisória: 83 (1.6%)
[2026-04-30 15:18:42] [INFO] matcher —       • Assistência: 75 (1.5%)
[2026-04-30 15:18:42] [INFO] matcher —       • Mandado de Segurança Cível: 57 (1.1%)
[2026-04-30 15:18:42] [INFO] matcher —       • Embargos à Execução: 45 (0.9%)
[2026-04-30 15:18:42] [INFO] matcher —       • Recurso Especial: 42 (0.8%)
[2026-04-30 15:18:42] [INFO] matcher —       • Agravo Regimental: 34 (0.7%)
[2026-04-30 15:18:42] [INFO] matcher —       • Carta Precatória Cível: 33 (0.6%)
[2026-04-30 15:18:42] [INFO] matcher —       • Incidente de Arbitramento: 29 (0.6%)
[2026-04-30 15:18:42] [INFO] matcher —       • Recurso Extraordinário: 27 (0.5%)
[2026-04-30 15:18:42] [INFO] matcher —       • Liquidação de Sentença: 16 (0.3%)
[2026-04-30 15:18:42] [INFO] matcher —       • Embargos: 11 (0.2%)
[2026-04-30 15:18:42] [INFO] matcher —       • Oposição: 11 (0.2%)
[2026-04-30 15:18:42] [INFO] matcher —       • Coisa Julgada: 9 (0.2%)
[2026-04-30 15:18:42] [INFO] matcher —       • Incompetência Relativa: 6 (0.1%)
[2026-04-30 15:18:42] [INFO] matcher —       • Desconsideração da Personalidade Jurídica: 5 (0.1%)
[2026-04-30 15:18:42] [INFO] matcher —       • IRDR: 5 (0.1%)
[2026-04-30 15:18:42] [INFO] matcher —       • Conflito de Competência: 4 (0.1%)
[2026-04-30 15:18:42] [INFO] matcher —       • Recurso Adesivo: 4 (0.1%)
[2026-04-30 15:18:42] [INFO] matcher —       • Litispendência: 4 (0.1%)
[2026-04-30 15:18:42] [INFO] matcher —       • Tutela Cautelar Antecedente: 2 (0.0%)
[2026-04-30 15:18:42] [INFO] matcher —       • RPV: 2 (0.0%)
[2026-04-30 15:18:42] [INFO] matcher —       • Impugnação ao Valor da Causa: 2 (0.0%)
[2026-04-30 15:18:42] [INFO] matcher —       • Falsidade Documental: 1 (0.0%)
[2026-04-30 15:18:42] [INFO] matcher —       • Exibição de Documento ou Coisa: 1 (0.0%)
[2026-04-30 15:18:42] [INFO] matcher —       • Pré-executividade: 1 (0.0%)
[2026-04-30 15:18:42] [INFO] matcher —       • Produção Antecipada de Provas: 1 (0.0%)
[2026-04-30 15:18:42] [WARNING] matcher — 
   ⚠️  1560 registros SEM CATEGORIA (30.6%)
[2026-04-30 15:18:42] [INFO] matcher — 
============================================================
[2026-04-30 15:18:42] [INFO] matcher — 📈 DISTRIBUIÇÃO DE CONFIANÇA
[2026-04-30 15:18:42] [INFO] matcher — ============================================================
[2026-04-30 15:18:42] [INFO] matcher —    [  0- 20]:   1560 ( 30.6%)
[2026-04-30 15:18:42] [INFO] matcher —    [ 20- 40]:      0 (  0.0%)
[2026-04-30 15:18:42] [INFO] matcher —    [ 40- 60]:      0 (  0.0%)
[2026-04-30 15:18:42] [INFO] matcher —    [ 60- 80]:     14 (  0.3%)
[2026-04-30 15:18:42] [INFO] matcher —    [ 80-100]:    813 ( 16.0%)
[2026-04-30 15:18:42] [INFO] matcher —    [ 90-100]:   3294 ( 64.6%)
[2026-04-30 15:18:42] [INFO] matcher —    [100-100]:   2710 ( 53.2%)
[2026-04-30 15:18:45] [INFO] matcher — ✅ Exportado: sem_match_civel_20260430_151731.xlsx (5097 registros)
[2026-04-30 15:18:47] [INFO] matcher — ✅ Exportado: sem_match_civel_prioridade_20260430_151731.xlsx (4365 registros prioritários)
[2026-04-30 15:18:47] [INFO] matcher — ✅ Exportado: agravo_interno_20260430_151731.xlsx (148 registros)
[2026-04-30 15:18:47] [INFO] matcher — ✅ Exportado: agravo_regimental_20260430_151731.xlsx (34 registros)
[2026-04-30 15:18:47] [INFO] matcher — ✅ Exportado: agravo_de_instrumento_20260430_151731.xlsx (316 registros)
[2026-04-30 15:18:47] [INFO] matcher — ✅ Exportado: assistência_20260430_151731.xlsx (75 registros)
[2026-04-30 15:18:48] [INFO] matcher — ✅ Exportado: carta_precatoria_civel_20260430_151731.xlsx (33 registros)
[2026-04-30 15:18:48] [INFO] matcher — ✅ Exportado: coisa_julgada_20260430_151731.xlsx (9 registros)
[2026-04-30 15:18:48] [INFO] matcher — ✅ Exportado: conflito_de_competência_20260430_151731.xlsx (4 registros)
[2026-04-30 15:18:48] [INFO] matcher — ✅ Exportado: cumprimento_de_sentenca_20260430_151731.xlsx (390 registros)
[2026-04-30 15:18:48] [INFO] matcher — ✅ Exportado: desconsideracao_da_personalidade_juridica_20260430_151731.xlsx (5 registros)
[2026-04-30 15:18:48] [INFO] matcher — ✅ Exportado: excluido_20260430_151731.xlsx (438 registros)
[2026-04-30 15:18:48] [INFO] matcher — ✅ Exportado: embargos_20260430_151731.xlsx (11 registros)
[2026-04-30 15:18:48] [INFO] matcher — ✅ Exportado: embargos_de_declaracao_20260430_151731.xlsx (147 registros)
[2026-04-30 15:18:48] [INFO] matcher — ✅ Exportado: embargos_à_execucao_20260430_151731.xlsx (45 registros)
[2026-04-30 15:18:49] [INFO] matcher — ✅ Exportado: exibicao_de_documento_ou_coisa_20260430_151731.xlsx (1 registros)
[2026-04-30 15:18:49] [INFO] matcher — ✅ Exportado: falsidade_documental_20260430_151731.xlsx (1 registros)
[2026-04-30 15:18:49] [INFO] matcher — ✅ Exportado: iac_20260430_151731.xlsx (563 registros)
[2026-04-30 15:18:49] [INFO] matcher — ✅ Exportado: irdr_20260430_151731.xlsx (5 registros)
[2026-04-30 15:18:49] [INFO] matcher — ✅ Exportado: impedimentosuspeicao_do_juiz_20260430_151731.xlsx (133 registros)
[2026-04-30 15:18:49] [INFO] matcher — ✅ Exportado: impugnacao_ao_valor_da_causa_20260430_151731.xlsx (2 registros)
[2026-04-30 15:18:49] [INFO] matcher — ✅ Exportado: incidente_de_arbitramento_20260430_151731.xlsx (29 registros)
[2026-04-30 15:18:49] [INFO] matcher — ✅ Exportado: incompetência_relativa_20260430_151731.xlsx (6 registros)
[2026-04-30 15:18:49] [INFO] matcher — ✅ Exportado: liquidacao_de_sentenca_20260430_151731.xlsx (16 registros)
[2026-04-30 15:18:49] [INFO] matcher — ✅ Exportado: litispendência_20260430_151731.xlsx (4 registros)
[2026-04-30 15:18:49] [INFO] matcher — ✅ Exportado: mandado_de_seguranca_civel_20260430_151731.xlsx (57 registros)
[2026-04-30 15:18:49] [INFO] matcher — ✅ Exportado: oposicao_20260430_151731.xlsx (11 registros)
[2026-04-30 15:18:49] [INFO] matcher — ✅ Exportado: producao_antecipada_de_provas_20260430_151731.xlsx (1 registros)
[2026-04-30 15:18:49] [INFO] matcher — ✅ Exportado: pre_executividade_20260430_151731.xlsx (1 registros)
[2026-04-30 15:18:49] [INFO] matcher — ✅ Exportado: rpv_20260430_151731.xlsx (2 registros)
[2026-04-30 15:18:49] [INFO] matcher — ✅ Exportado: recurso_adesivo_20260430_151731.xlsx (4 registros)
[2026-04-30 15:18:50] [INFO] matcher — ✅ Exportado: recurso_especial_20260430_151731.xlsx (42 registros)
[2026-04-30 15:18:50] [INFO] matcher — ✅ Exportado: recurso_extraordinario_20260430_151731.xlsx (27 registros)
[2026-04-30 15:18:50] [INFO] matcher — ✅ Exportado: recurso_inominado_20260430_151731.xlsx (573 registros)
[2026-04-30 15:18:50] [INFO] matcher — ✅ Exportado: recursos_20260430_151731.xlsx (319 registros)
[2026-04-30 15:18:50] [INFO] matcher — ✅ Exportado: tutela_cautelar_antecedente_20260430_151731.xlsx (2 registros)
[2026-04-30 15:18:50] [INFO] matcher — ✅ Exportado: tutela_provisoria_20260430_151731.xlsx (83 registros)
[2026-04-30 15:18:51] [INFO] matcher — ⚠️  Exportado: sem_match_civel_sem_categoria_20260430_151731.xlsx (1560 registros sem categoria)
[2026-04-30 15:18:52] [INFO] matcher — ✅ Exportado: com_match_descartados_20260430_151731.xlsx (682 registros descartados)
[2026-04-30 15:18:55] [INFO] matcher — ✅ Resumo exportado: resumo_20260430_151731.xlsx
[2026-04-30 15:18:55] [INFO] matcher — 🎉 PROCESSO FINALIZADO COM SUCESSO
