[2026-04-23 19:43:19] [INFO] matcher — 🚀 INICIANDO PROCESSO DE TRIAGEM
[2026-04-23 19:43:19] [INFO] matcher — 🚀 INICIANDO PROCESSO DE TRIAGEM
[2026-04-23 19:43:42] [INFO] matcher — Legal One: 148736 linhas lidas
[2026-04-23 19:43:42] [INFO] matcher — Legal One: 148736 linhas lidas
[2026-04-23 19:43:56] [INFO] matcher — Legal One: 267713 identificadores no pool
[2026-04-23 19:43:56] [INFO] matcher — Legal One: 267713 identificadores no pool
[2026-04-23 19:44:02] [INFO] matcher — Bases externas: 9621 linhas lidas (antes de dedup)
[2026-04-23 19:44:02] [INFO] matcher — Bases externas: 9621 linhas lidas (antes de dedup)
[2026-04-23 19:44:02] [INFO] matcher — Duplicatas removidas: 2968
[2026-04-23 19:44:02] [INFO] matcher — Duplicatas removidas: 2968
[2026-04-23 19:44:02] [INFO] matcher — Matching: 4829 SEM MATCH, 1824 COM MATCH
[2026-04-23 19:44:02] [INFO] matcher — Matching: 4829 SEM MATCH, 1824 COM MATCH
[2026-04-23 19:44:02] [INFO] matcher — 
[2026-04-23 19:44:02] [INFO] matcher — 
[2026-04-23 19:44:02] [INFO] matcher — ============================================================
[2026-04-23 19:44:02] [INFO] matcher — ============================================================
[2026-04-23 19:44:02] [INFO] matcher — RESULTADOS DO MATCHING
[2026-04-23 19:44:02] [INFO] matcher — RESULTADOS DO MATCHING
[2026-04-23 19:44:02] [INFO] matcher — ============================================================
[2026-04-23 19:44:02] [INFO] matcher — ============================================================
[2026-04-23 19:44:02] [INFO] matcher —    Total processado: 6653
[2026-04-23 19:44:02] [INFO] matcher —    Total processado: 6653
[2026-04-23 19:44:02] [INFO] matcher —    Trabalhista sem match: 1570 (23.6%)
[2026-04-23 19:44:02] [INFO] matcher —    Trabalhista sem match: 1570 (23.6%)
[2026-04-23 19:44:02] [INFO] matcher —    Civel sem match: 3259 (49.0%)
[2026-04-23 19:44:02] [INFO] matcher —    Civel sem match: 3259 (49.0%)
[2026-04-23 19:44:02] [INFO] matcher —    COM MATCH: 1824 (27.4%)
[2026-04-23 19:44:02] [INFO] matcher —    COM MATCH: 1824 (27.4%)
[2026-04-23 19:44:02] [INFO] matcher — 📋 INICIANDO CLASSIFICAÇÃO TRABALHISTA
[2026-04-23 19:44:02] [INFO] matcher — 📋 INICIANDO CLASSIFICAÇÃO TRABALHISTA
[2026-04-23 19:44:03] [INFO] matcher — ✅ Exportado BRUTO: sem_match_trab_bruto_20260423_194319.xlsx (1570 registros)
[2026-04-23 19:44:03] [INFO] matcher — ✅ Exportado BRUTO: sem_match_trab_bruto_20260423_194319.xlsx (1570 registros)
[2026-04-23 19:44:09] [INFO] matcher — ✅ Classificação TRABALHISTA concluída
[2026-04-23 19:44:09] [INFO] matcher — ✅ Classificação TRABALHISTA concluída
[2026-04-23 19:44:09] [INFO] matcher — 
============================================================
[2026-04-23 19:44:09] [INFO] matcher — 
============================================================
[2026-04-23 19:44:09] [INFO] matcher — 📊 ESTATÍSTICAS — TRABALHISTA
[2026-04-23 19:44:09] [INFO] matcher — 📊 ESTATÍSTICAS — TRABALHISTA
[2026-04-23 19:44:09] [INFO] matcher — ============================================================
[2026-04-23 19:44:09] [INFO] matcher — ============================================================
[2026-04-23 19:44:09] [INFO] matcher —    Total de registros: 1570
[2026-04-23 19:44:09] [INFO] matcher —    Total de registros: 1570
[2026-04-23 19:44:09] [INFO] matcher — 
   Classificação por categoria:
[2026-04-23 19:44:09] [INFO] matcher — 
   Classificação por categoria:
[2026-04-23 19:44:09] [INFO] matcher —       • Ação Trabalhista: 726 (46.2%)
[2026-04-23 19:44:09] [INFO] matcher —       • Ação Trabalhista: 726 (46.2%)
[2026-04-23 19:44:09] [INFO] matcher —       • Ação de Cumprimento: 400 (25.5%)
[2026-04-23 19:44:09] [INFO] matcher —       • Ação de Cumprimento: 400 (25.5%)
[2026-04-23 19:44:09] [INFO] matcher —       • Recurso Ordinário: 247 (15.7%)
[2026-04-23 19:44:09] [INFO] matcher —       • Recurso Ordinário: 247 (15.7%)
[2026-04-23 19:44:09] [INFO] matcher —       • Embargos de Declaração: 83 (5.3%)
[2026-04-23 19:44:09] [INFO] matcher —       • Embargos de Declaração: 83 (5.3%)
[2026-04-23 19:44:09] [INFO] matcher —       • Agravo de Instrumento: 50 (3.2%)
[2026-04-23 19:44:09] [INFO] matcher —       • Agravo de Instrumento: 50 (3.2%)
[2026-04-23 19:44:09] [INFO] matcher —       • Agravo de Petição: 35 (2.2%)
[2026-04-23 19:44:09] [INFO] matcher —       • Agravo de Petição: 35 (2.2%)
[2026-04-23 19:44:09] [INFO] matcher —       • Décio Freire: 8 (0.5%)
[2026-04-23 19:44:09] [INFO] matcher —       • Décio Freire: 8 (0.5%)
[2026-04-23 19:44:09] [INFO] matcher —       • Recurso Extraordinário: 7 (0.4%)
[2026-04-23 19:44:09] [INFO] matcher —       • Recurso Extraordinário: 7 (0.4%)
[2026-04-23 19:44:09] [INFO] matcher —       • Recurso de Revista: 6 (0.4%)
[2026-04-23 19:44:09] [INFO] matcher —       • Recurso de Revista: 6 (0.4%)
[2026-04-23 19:44:09] [INFO] matcher —       • Conflito de Competência: 4 (0.3%)
[2026-04-23 19:44:09] [INFO] matcher —       • Conflito de Competência: 4 (0.3%)
[2026-04-23 19:44:09] [INFO] matcher —       • Tutela Cautelar Antecedente: 3 (0.2%)
[2026-04-23 19:44:09] [INFO] matcher —       • Tutela Cautelar Antecedente: 3 (0.2%)
[2026-04-23 19:44:09] [INFO] matcher —       • Mandado de Segurança: 1 (0.1%)
[2026-04-23 19:44:09] [INFO] matcher —       • Mandado de Segurança: 1 (0.1%)
[2026-04-23 19:44:09] [INFO] matcher — ✅ Exportado: sem_match_trab_prioridade_20260423_194319.xlsx (8 registros)
[2026-04-23 19:44:09] [INFO] matcher — ✅ Exportado: sem_match_trab_prioridade_20260423_194319.xlsx (8 registros)
[2026-04-23 19:44:09] [INFO] matcher — ✅ Exportado: agravo_de_instrumento_20260423_194319.xlsx (50 registros)
[2026-04-23 19:44:09] [INFO] matcher — ✅ Exportado: agravo_de_instrumento_20260423_194319.xlsx (50 registros)
[2026-04-23 19:44:09] [INFO] matcher — ✅ Exportado: agravo_de_peticao_20260423_194319.xlsx (35 registros)
[2026-04-23 19:44:09] [INFO] matcher — ✅ Exportado: agravo_de_peticao_20260423_194319.xlsx (35 registros)
[2026-04-23 19:44:09] [INFO] matcher — ✅ Exportado: acao_trabalhista_20260423_194319.xlsx (726 registros)
[2026-04-23 19:44:09] [INFO] matcher — ✅ Exportado: acao_trabalhista_20260423_194319.xlsx (726 registros)
[2026-04-23 19:44:09] [INFO] matcher — ✅ Exportado: acao_de_cumprimento_20260423_194319.xlsx (400 registros)
[2026-04-23 19:44:09] [INFO] matcher — ✅ Exportado: acao_de_cumprimento_20260423_194319.xlsx (400 registros)
[2026-04-23 19:44:09] [INFO] matcher — ✅ Exportado: conflito_de_competência_20260423_194319.xlsx (4 registros)
[2026-04-23 19:44:09] [INFO] matcher — ✅ Exportado: conflito_de_competência_20260423_194319.xlsx (4 registros)
[2026-04-23 19:44:09] [INFO] matcher — ✅ Exportado: embargos_de_declaracao_20260423_194319.xlsx (83 registros)
[2026-04-23 19:44:09] [INFO] matcher — ✅ Exportado: embargos_de_declaracao_20260423_194319.xlsx (83 registros)
[2026-04-23 19:44:09] [INFO] matcher — ✅ Exportado: mandado_de_seguranca_20260423_194319.xlsx (1 registros)
[2026-04-23 19:44:09] [INFO] matcher — ✅ Exportado: mandado_de_seguranca_20260423_194319.xlsx (1 registros)
[2026-04-23 19:44:09] [INFO] matcher — ✅ Exportado: recurso_extraordinario_20260423_194319.xlsx (7 registros)
[2026-04-23 19:44:09] [INFO] matcher — ✅ Exportado: recurso_extraordinario_20260423_194319.xlsx (7 registros)
[2026-04-23 19:44:10] [INFO] matcher — ✅ Exportado: recurso_ordinario_20260423_194319.xlsx (247 registros)
[2026-04-23 19:44:10] [INFO] matcher — ✅ Exportado: recurso_ordinario_20260423_194319.xlsx (247 registros)
[2026-04-23 19:44:10] [INFO] matcher — ✅ Exportado: recurso_de_revista_20260423_194319.xlsx (6 registros)
[2026-04-23 19:44:10] [INFO] matcher — ✅ Exportado: recurso_de_revista_20260423_194319.xlsx (6 registros)
[2026-04-23 19:44:10] [INFO] matcher — ✅ Exportado: tutela_cautelar_antecedente_20260423_194319.xlsx (3 registros)
[2026-04-23 19:44:10] [INFO] matcher — ✅ Exportado: tutela_cautelar_antecedente_20260423_194319.xlsx (3 registros)
[2026-04-23 19:44:11] [INFO] matcher — ✅ Exportado: sem_match_trab_todos_classificados_20260423_194319.xlsx (1570 registros)
[2026-04-23 19:44:11] [INFO] matcher — ✅ Exportado: sem_match_trab_todos_classificados_20260423_194319.xlsx (1570 registros)
[2026-04-23 19:44:25] [INFO] matcher — ✅ Classificação CÍVEL concluída
[2026-04-23 19:44:25] [INFO] matcher — ✅ Classificação CÍVEL concluída
[2026-04-23 19:44:25] [INFO] matcher — 
============================================================
[2026-04-23 19:44:25] [INFO] matcher — 
============================================================
[2026-04-23 19:44:25] [INFO] matcher — 📊 ESTATÍSTICAS — CÍVEL
[2026-04-23 19:44:25] [INFO] matcher — 📊 ESTATÍSTICAS — CÍVEL
[2026-04-23 19:44:25] [INFO] matcher — ============================================================
[2026-04-23 19:44:25] [INFO] matcher — ============================================================
[2026-04-23 19:44:25] [INFO] matcher —    Total de registros: 3259
[2026-04-23 19:44:25] [INFO] matcher —    Total de registros: 3259
[2026-04-23 19:44:25] [INFO] matcher — 
   Classificação por categoria:
[2026-04-23 19:44:25] [INFO] matcher — 
   Classificação por categoria:
[2026-04-23 19:44:25] [INFO] matcher —       • nan: 1007 (30.9%)
[2026-04-23 19:44:25] [INFO] matcher —       • nan: 1007 (30.9%)
[2026-04-23 19:44:25] [INFO] matcher —       • IAC: 591 (18.1%)
[2026-04-23 19:44:25] [INFO] matcher —       • IAC: 591 (18.1%)
[2026-04-23 19:44:25] [INFO] matcher —       • Cumprimento de Sentença: 382 (11.7%)
[2026-04-23 19:44:25] [INFO] matcher —       • Cumprimento de Sentença: 382 (11.7%)
[2026-04-23 19:44:25] [INFO] matcher —       • Agravo de Instrumento: 208 (6.4%)
[2026-04-23 19:44:25] [INFO] matcher —       • Agravo de Instrumento: 208 (6.4%)
[2026-04-23 19:44:25] [INFO] matcher —       • Recursos: 155 (4.8%)
[2026-04-23 19:44:25] [INFO] matcher —       • Recursos: 155 (4.8%)
[2026-04-23 19:44:25] [INFO] matcher —       • Embargos de Declaração: 138 (4.2%)
[2026-04-23 19:44:25] [INFO] matcher —       • Embargos de Declaração: 138 (4.2%)
[2026-04-23 19:44:25] [INFO] matcher —       • Agravo Interno: 130 (4.0%)
[2026-04-23 19:44:25] [INFO] matcher —       • Agravo Interno: 130 (4.0%)
[2026-04-23 19:44:25] [INFO] matcher —       • EXCLUIDO: 106 (3.3%)
[2026-04-23 19:44:25] [INFO] matcher —       • EXCLUIDO: 106 (3.3%)
[2026-04-23 19:44:25] [INFO] matcher —       • Recurso Especial: 95 (2.9%)
[2026-04-23 19:44:25] [INFO] matcher —       • Recurso Especial: 95 (2.9%)
[2026-04-23 19:44:25] [INFO] matcher —       • Recurso Inominado: 72 (2.2%)
[2026-04-23 19:44:25] [INFO] matcher —       • Recurso Inominado: 72 (2.2%)
[2026-04-23 19:44:25] [INFO] matcher —       • Impedimento/Suspeição do Juiz: 62 (1.9%)
[2026-04-23 19:44:25] [INFO] matcher —       • Impedimento/Suspeição do Juiz: 62 (1.9%)
[2026-04-23 19:44:25] [INFO] matcher —       • Mandado de Segurança Cível: 46 (1.4%)
[2026-04-23 19:44:25] [INFO] matcher —       • Mandado de Segurança Cível: 46 (1.4%)
[2026-04-23 19:44:25] [INFO] matcher —       • Agravo Regimental: 43 (1.3%)
[2026-04-23 19:44:25] [INFO] matcher —       • Agravo Regimental: 43 (1.3%)
[2026-04-23 19:44:25] [INFO] matcher —       • Incidente de Arbitramento: 34 (1.0%)
[2026-04-23 19:44:25] [INFO] matcher —       • Incidente de Arbitramento: 34 (1.0%)
[2026-04-23 19:44:25] [INFO] matcher —       • Tutela Provisória: 24 (0.7%)
[2026-04-23 19:44:25] [INFO] matcher —       • Tutela Provisória: 24 (0.7%)
[2026-04-23 19:44:25] [INFO] matcher —       • Recurso Extraordinário: 22 (0.7%)
[2026-04-23 19:44:25] [INFO] matcher —       • Recurso Extraordinário: 22 (0.7%)
[2026-04-23 19:44:25] [INFO] matcher —       • Embargos à Execução: 21 (0.6%)
[2026-04-23 19:44:25] [INFO] matcher —       • Embargos à Execução: 21 (0.6%)
[2026-04-23 19:44:25] [INFO] matcher —       • Carta Precatória Cível: 20 (0.6%)
[2026-04-23 19:44:25] [INFO] matcher —       • Carta Precatória Cível: 20 (0.6%)
[2026-04-23 19:44:25] [INFO] matcher —       • Oposição: 13 (0.4%)
[2026-04-23 19:44:25] [INFO] matcher —       • Oposição: 13 (0.4%)
[2026-04-23 19:44:25] [INFO] matcher —       • IRDR: 12 (0.4%)
[2026-04-23 19:44:25] [INFO] matcher —       • IRDR: 12 (0.4%)
[2026-04-23 19:44:25] [INFO] matcher —       • Embargos: 12 (0.4%)
[2026-04-23 19:44:25] [INFO] matcher —       • Embargos: 12 (0.4%)
[2026-04-23 19:44:25] [INFO] matcher —       • Liquidação de Sentença: 11 (0.3%)
[2026-04-23 19:44:25] [INFO] matcher —       • Liquidação de Sentença: 11 (0.3%)
[2026-04-23 19:44:25] [INFO] matcher —       • Arresto ou Sequestro: 10 (0.3%)
[2026-04-23 19:44:25] [INFO] matcher —       • Arresto ou Sequestro: 10 (0.3%)
[2026-04-23 19:44:25] [INFO] matcher —       • Assistência: 10 (0.3%)
[2026-04-23 19:44:25] [INFO] matcher —       • Assistência: 10 (0.3%)
[2026-04-23 19:44:25] [INFO] matcher —       • Embargos de Divergência: 6 (0.2%)
[2026-04-23 19:44:25] [INFO] matcher —       • Embargos de Divergência: 6 (0.2%)
[2026-04-23 19:44:25] [INFO] matcher —       • Incompetência Relativa: 6 (0.2%)
[2026-04-23 19:44:25] [INFO] matcher —       • Incompetência Relativa: 6 (0.2%)
[2026-04-23 19:44:25] [INFO] matcher —       • Coisa Julgada: 5 (0.2%)
[2026-04-23 19:44:25] [INFO] matcher —       • Coisa Julgada: 5 (0.2%)
[2026-04-23 19:44:25] [INFO] matcher —       • RPV: 3 (0.1%)
[2026-04-23 19:44:25] [INFO] matcher —       • RPV: 3 (0.1%)
[2026-04-23 19:44:25] [INFO] matcher —       • Recurso Adesivo: 3 (0.1%)
[2026-04-23 19:44:25] [INFO] matcher —       • Recurso Adesivo: 3 (0.1%)
[2026-04-23 19:44:25] [INFO] matcher —       • Exibição de Documento ou Coisa: 2 (0.1%)
[2026-04-23 19:44:25] [INFO] matcher —       • Exibição de Documento ou Coisa: 2 (0.1%)
[2026-04-23 19:44:25] [INFO] matcher —       • Produção Antecipada de Provas: 2 (0.1%)
[2026-04-23 19:44:25] [INFO] matcher —       • Produção Antecipada de Provas: 2 (0.1%)
[2026-04-23 19:44:25] [INFO] matcher —       • Uniformização de Jurisprudência: 2 (0.1%)
[2026-04-23 19:44:25] [INFO] matcher —       • Uniformização de Jurisprudência: 2 (0.1%)
[2026-04-23 19:44:25] [INFO] matcher —       • Conflito de Competência: 2 (0.1%)
[2026-04-23 19:44:25] [INFO] matcher —       • Conflito de Competência: 2 (0.1%)
[2026-04-23 19:44:25] [INFO] matcher —       • Pré-executividade: 1 (0.0%)
[2026-04-23 19:44:25] [INFO] matcher —       • Pré-executividade: 1 (0.0%)
[2026-04-23 19:44:25] [INFO] matcher —       • Tutela Cautelar Antecedente: 1 (0.0%)
[2026-04-23 19:44:25] [INFO] matcher —       • Tutela Cautelar Antecedente: 1 (0.0%)
[2026-04-23 19:44:25] [INFO] matcher —       • Desconsideração da Personalidade Jurídica: 1 (0.0%)
[2026-04-23 19:44:25] [INFO] matcher —       • Desconsideração da Personalidade Jurídica: 1 (0.0%)
[2026-04-23 19:44:25] [INFO] matcher —       • Falsidade Documental: 1 (0.0%)
[2026-04-23 19:44:25] [INFO] matcher —       • Falsidade Documental: 1 (0.0%)
[2026-04-23 19:44:25] [WARNING] matcher — 
   ⚠️  1007 registros SEM CATEGORIA (30.9%)
[2026-04-23 19:44:25] [WARNING] matcher — 
   ⚠️  1007 registros SEM CATEGORIA (30.9%)
[2026-04-23 19:44:25] [INFO] matcher — 
============================================================
[2026-04-23 19:44:25] [INFO] matcher — 
============================================================
[2026-04-23 19:44:25] [INFO] matcher — 📈 DISTRIBUIÇÃO DE CONFIANÇA
[2026-04-23 19:44:25] [INFO] matcher — 📈 DISTRIBUIÇÃO DE CONFIANÇA
[2026-04-23 19:44:25] [INFO] matcher — ============================================================
[2026-04-23 19:44:25] [INFO] matcher — ============================================================
[2026-04-23 19:44:25] [INFO] matcher —    [  0- 20]:   1007 ( 30.9%)
[2026-04-23 19:44:25] [INFO] matcher —    [  0- 20]:   1007 ( 30.9%)
[2026-04-23 19:44:25] [INFO] matcher —    [ 20- 40]:      0 (  0.0%)
[2026-04-23 19:44:25] [INFO] matcher —    [ 20- 40]:      0 (  0.0%)
[2026-04-23 19:44:25] [INFO] matcher —    [ 40- 60]:      0 (  0.0%)
[2026-04-23 19:44:25] [INFO] matcher —    [ 40- 60]:      0 (  0.0%)
[2026-04-23 19:44:25] [INFO] matcher —    [ 60- 80]:      5 (  0.2%)
[2026-04-23 19:44:25] [INFO] matcher —    [ 60- 80]:      5 (  0.2%)
[2026-04-23 19:44:25] [INFO] matcher —    [ 80-100]:    321 (  9.8%)
[2026-04-23 19:44:25] [INFO] matcher —    [ 80-100]:    321 (  9.8%)
[2026-04-23 19:44:25] [INFO] matcher —    [ 90-100]:   2102 ( 64.5%)
[2026-04-23 19:44:25] [INFO] matcher —    [ 90-100]:   2102 ( 64.5%)
[2026-04-23 19:44:25] [INFO] matcher —    [100-100]:   1926 ( 59.1%)
[2026-04-23 19:44:25] [INFO] matcher —    [100-100]:   1926 ( 59.1%)
[2026-04-23 19:44:27] [INFO] matcher — ✅ Exportado: sem_match_civel_20260423_194319.xlsx (3259 registros)
[2026-04-23 19:44:27] [INFO] matcher — ✅ Exportado: sem_match_civel_20260423_194319.xlsx (3259 registros)
[2026-04-23 19:44:29] [INFO] matcher — ✅ Exportado: sem_match_civel_prioridade_20260423_194319.xlsx (2933 registros prioritários)
[2026-04-23 19:44:29] [INFO] matcher — ✅ Exportado: sem_match_civel_prioridade_20260423_194319.xlsx (2933 registros prioritários)
[2026-04-23 19:44:29] [INFO] matcher — ✅ Exportado: agravo_interno_20260423_194319.xlsx (130 registros)
[2026-04-23 19:44:29] [INFO] matcher — ✅ Exportado: agravo_interno_20260423_194319.xlsx (130 registros)
[2026-04-23 19:44:29] [INFO] matcher — ✅ Exportado: agravo_regimental_20260423_194319.xlsx (43 registros)
[2026-04-23 19:44:29] [INFO] matcher — ✅ Exportado: agravo_regimental_20260423_194319.xlsx (43 registros)
[2026-04-23 19:44:29] [INFO] matcher — ✅ Exportado: agravo_de_instrumento_20260423_194319.xlsx (208 registros)
[2026-04-23 19:44:29] [INFO] matcher — ✅ Exportado: agravo_de_instrumento_20260423_194319.xlsx (208 registros)
[2026-04-23 19:44:29] [INFO] matcher — ✅ Exportado: arresto_ou_sequestro_20260423_194319.xlsx (10 registros)
[2026-04-23 19:44:29] [INFO] matcher — ✅ Exportado: arresto_ou_sequestro_20260423_194319.xlsx (10 registros)
[2026-04-23 19:44:29] [INFO] matcher — ✅ Exportado: assistência_20260423_194319.xlsx (10 registros)
[2026-04-23 19:44:29] [INFO] matcher — ✅ Exportado: assistência_20260423_194319.xlsx (10 registros)
[2026-04-23 19:44:29] [INFO] matcher — ✅ Exportado: carta_precatoria_civel_20260423_194319.xlsx (20 registros)
[2026-04-23 19:44:29] [INFO] matcher — ✅ Exportado: carta_precatoria_civel_20260423_194319.xlsx (20 registros)
[2026-04-23 19:44:29] [INFO] matcher — ✅ Exportado: coisa_julgada_20260423_194319.xlsx (5 registros)
[2026-04-23 19:44:29] [INFO] matcher — ✅ Exportado: coisa_julgada_20260423_194319.xlsx (5 registros)
[2026-04-23 19:44:29] [INFO] matcher — ✅ Exportado: conflito_de_competência_20260423_194319.xlsx (2 registros)
[2026-04-23 19:44:29] [INFO] matcher — ✅ Exportado: conflito_de_competência_20260423_194319.xlsx (2 registros)
[2026-04-23 19:44:29] [INFO] matcher — ✅ Exportado: cumprimento_de_sentenca_20260423_194319.xlsx (382 registros)
[2026-04-23 19:44:29] [INFO] matcher — ✅ Exportado: cumprimento_de_sentenca_20260423_194319.xlsx (382 registros)
[2026-04-23 19:44:29] [INFO] matcher — ✅ Exportado: desconsideracao_da_personalidade_juridica_20260423_194319.xlsx (1 registros)
[2026-04-23 19:44:29] [INFO] matcher — ✅ Exportado: desconsideracao_da_personalidade_juridica_20260423_194319.xlsx (1 registros)
[2026-04-23 19:44:30] [INFO] matcher — ✅ Exportado: excluido_20260423_194319.xlsx (106 registros)
[2026-04-23 19:44:30] [INFO] matcher — ✅ Exportado: excluido_20260423_194319.xlsx (106 registros)
[2026-04-23 19:44:30] [INFO] matcher — ✅ Exportado: embargos_20260423_194319.xlsx (12 registros)
[2026-04-23 19:44:30] [INFO] matcher — ✅ Exportado: embargos_20260423_194319.xlsx (12 registros)
[2026-04-23 19:44:30] [INFO] matcher — ✅ Exportado: embargos_de_declaracao_20260423_194319.xlsx (138 registros)
[2026-04-23 19:44:30] [INFO] matcher — ✅ Exportado: embargos_de_declaracao_20260423_194319.xlsx (138 registros)
[2026-04-23 19:44:30] [INFO] matcher — ✅ Exportado: embargos_de_divergência_20260423_194319.xlsx (6 registros)
[2026-04-23 19:44:30] [INFO] matcher — ✅ Exportado: embargos_de_divergência_20260423_194319.xlsx (6 registros)
[2026-04-23 19:44:30] [INFO] matcher — ✅ Exportado: embargos_à_execucao_20260423_194319.xlsx (21 registros)
[2026-04-23 19:44:30] [INFO] matcher — ✅ Exportado: embargos_à_execucao_20260423_194319.xlsx (21 registros)
[2026-04-23 19:44:30] [INFO] matcher — ✅ Exportado: exibicao_de_documento_ou_coisa_20260423_194319.xlsx (2 registros)
[2026-04-23 19:44:30] [INFO] matcher — ✅ Exportado: exibicao_de_documento_ou_coisa_20260423_194319.xlsx (2 registros)
[2026-04-23 19:44:30] [INFO] matcher — ✅ Exportado: falsidade_documental_20260423_194319.xlsx (1 registros)
[2026-04-23 19:44:30] [INFO] matcher — ✅ Exportado: falsidade_documental_20260423_194319.xlsx (1 registros)
[2026-04-23 19:44:31] [INFO] matcher — ✅ Exportado: iac_20260423_194319.xlsx (591 registros)
[2026-04-23 19:44:31] [INFO] matcher — ✅ Exportado: iac_20260423_194319.xlsx (591 registros)
[2026-04-23 19:44:31] [INFO] matcher — ✅ Exportado: irdr_20260423_194319.xlsx (12 registros)
[2026-04-23 19:44:31] [INFO] matcher — ✅ Exportado: irdr_20260423_194319.xlsx (12 registros)
[2026-04-23 19:44:31] [INFO] matcher — ✅ Exportado: impedimentosuspeicao_do_juiz_20260423_194319.xlsx (62 registros)
[2026-04-23 19:44:31] [INFO] matcher — ✅ Exportado: impedimentosuspeicao_do_juiz_20260423_194319.xlsx (62 registros)
[2026-04-23 19:44:31] [INFO] matcher — ✅ Exportado: incidente_de_arbitramento_20260423_194319.xlsx (34 registros)
[2026-04-23 19:44:31] [INFO] matcher — ✅ Exportado: incidente_de_arbitramento_20260423_194319.xlsx (34 registros)
[2026-04-23 19:44:31] [INFO] matcher — ✅ Exportado: incompetência_relativa_20260423_194319.xlsx (6 registros)
[2026-04-23 19:44:31] [INFO] matcher — ✅ Exportado: incompetência_relativa_20260423_194319.xlsx (6 registros)
[2026-04-23 19:44:31] [INFO] matcher — ✅ Exportado: liquidacao_de_sentenca_20260423_194319.xlsx (11 registros)
[2026-04-23 19:44:31] [INFO] matcher — ✅ Exportado: liquidacao_de_sentenca_20260423_194319.xlsx (11 registros)
[2026-04-23 19:44:31] [INFO] matcher — ✅ Exportado: mandado_de_seguranca_civel_20260423_194319.xlsx (46 registros)
[2026-04-23 19:44:31] [INFO] matcher — ✅ Exportado: mandado_de_seguranca_civel_20260423_194319.xlsx (46 registros)
[2026-04-23 19:44:31] [INFO] matcher — ✅ Exportado: oposicao_20260423_194319.xlsx (13 registros)
[2026-04-23 19:44:31] [INFO] matcher — ✅ Exportado: oposicao_20260423_194319.xlsx (13 registros)
[2026-04-23 19:44:31] [INFO] matcher — ✅ Exportado: producao_antecipada_de_provas_20260423_194319.xlsx (2 registros)
[2026-04-23 19:44:31] [INFO] matcher — ✅ Exportado: producao_antecipada_de_provas_20260423_194319.xlsx (2 registros)
[2026-04-23 19:44:31] [INFO] matcher — ✅ Exportado: pre_executividade_20260423_194319.xlsx (1 registros)
[2026-04-23 19:44:31] [INFO] matcher — ✅ Exportado: pre_executividade_20260423_194319.xlsx (1 registros)
[2026-04-23 19:44:31] [INFO] matcher — ✅ Exportado: rpv_20260423_194319.xlsx (3 registros)
[2026-04-23 19:44:31] [INFO] matcher — ✅ Exportado: rpv_20260423_194319.xlsx (3 registros)
[2026-04-23 19:44:31] [INFO] matcher — ✅ Exportado: recurso_adesivo_20260423_194319.xlsx (3 registros)
[2026-04-23 19:44:31] [INFO] matcher — ✅ Exportado: recurso_adesivo_20260423_194319.xlsx (3 registros)
[2026-04-23 19:44:31] [INFO] matcher — ✅ Exportado: recurso_especial_20260423_194319.xlsx (95 registros)
[2026-04-23 19:44:31] [INFO] matcher — ✅ Exportado: recurso_especial_20260423_194319.xlsx (95 registros)
[2026-04-23 19:44:31] [INFO] matcher — ✅ Exportado: recurso_extraordinario_20260423_194319.xlsx (22 registros)
[2026-04-23 19:44:31] [INFO] matcher — ✅ Exportado: recurso_extraordinario_20260423_194319.xlsx (22 registros)
[2026-04-23 19:44:31] [INFO] matcher — ✅ Exportado: recurso_inominado_20260423_194319.xlsx (72 registros)
[2026-04-23 19:44:31] [INFO] matcher — ✅ Exportado: recurso_inominado_20260423_194319.xlsx (72 registros)
[2026-04-23 19:44:31] [INFO] matcher — ✅ Exportado: recursos_20260423_194319.xlsx (155 registros)
[2026-04-23 19:44:31] [INFO] matcher — ✅ Exportado: recursos_20260423_194319.xlsx (155 registros)
[2026-04-23 19:44:31] [INFO] matcher — ✅ Exportado: tutela_cautelar_antecedente_20260423_194319.xlsx (1 registros)
[2026-04-23 19:44:31] [INFO] matcher — ✅ Exportado: tutela_cautelar_antecedente_20260423_194319.xlsx (1 registros)
[2026-04-23 19:44:31] [INFO] matcher — ✅ Exportado: tutela_provisoria_20260423_194319.xlsx (24 registros)
[2026-04-23 19:44:31] [INFO] matcher — ✅ Exportado: tutela_provisoria_20260423_194319.xlsx (24 registros)
[2026-04-23 19:44:31] [INFO] matcher — ✅ Exportado: uniformizacao_de_jurisprudência_20260423_194319.xlsx (2 registros)
[2026-04-23 19:44:31] [INFO] matcher — ✅ Exportado: uniformizacao_de_jurisprudência_20260423_194319.xlsx (2 registros)
[2026-04-23 19:44:32] [INFO] matcher — ⚠️  Exportado: sem_match_civel_sem_categoria_20260423_194319.xlsx (1007 registros sem categoria)
[2026-04-23 19:44:32] [INFO] matcher — ⚠️  Exportado: sem_match_civel_sem_categoria_20260423_194319.xlsx (1007 registros sem categoria)
[2026-04-23 19:44:32] [INFO] matcher — ✅ Exportado: com_match_descartados_20260423_194319.xlsx (1824 registros descartados)
[2026-04-23 19:44:32] [INFO] matcher — ✅ Exportado: com_match_descartados_20260423_194319.xlsx (1824 registros descartados)
[2026-04-23 19:44:42] [INFO] matcher — ✅ Resumo exportado: resumo_20260423_194319.xlsx
[2026-04-23 19:44:42] [INFO] matcher — ✅ Resumo exportado: resumo_20260423_194319.xlsx
[2026-04-23 19:44:42] [INFO] matcher — 🎉 PROCESSO FINALIZADO COM SUCESSO
[2026-04-23 19:44:42] [INFO] matcher — 🎉 PROCESSO FINALIZADO COM SUCESSO
